INTERVALS:
%0:12,13
%1:14,15
%2:16,20
%3:17,19
%4:18,19
%5:19,20
%6:21,25
%7:22,24
%8:23,24
%9:24,25
%10:26,28
%11:27,28
%12:29,30
%13:31,33
%14:32,33
%15:33,35
%16:34,35
%17:35,36
%18:36,43
%19:37,39
%20:38,39
%21:39,41
%22:40,41
%23:41,42
%24:42,43
%25:43,47
%26:44,46
%27:45,46
%28:46,47
%29:48,50
%30:51,52
ALLOCATION:
%0:r1
%1:r1
%2:r1
%3:r2
%4:r3
%5:r2
%6:r1
%7:r2
%8:r3
%9:r2
%10:r1
%11:r2
%12:r1
%13:r1
%14:r2
%15:r1
%16:r2
%17:r1
%18:r1
%19:r2
%20:r3
%21:r2
%22:r3
%23:r2
%24:r2
%25:r1
%26:r2
%27:r3
%28:r2
%29:r1
%30:r1
