INTERVALS:
%0:8,9
%1:10,11
%2:12,13
%3:14,16
%4:15,17
%5:19,21
%6:20,21
%7:22,23
%8:24,26
%9:25,26
%10:26,27
%11:28,29
%12:30,31
%13:32,34
%14:35,36
%15:38,39
ALLOCATION:
%0:r1
%1:r1
%2:r1
%3:r1
%4:r2
%5:r1
%6:r2
%7:r1
%8:r1
%9:r2
%10:r1
%11:r1
%12:r1
%13:r1
%14:r1
%15:r1
