INTERVALS:
%0:1,3
%1:2,3
%2:3,4
%3:5,7
%4:6,7
%5:7,8
%6:9,11
%7:10,11
%8:11,13
%9:12,13
%10:13,14
ALLOCATION:
%0:r1
%1:r2
%2:r1
%3:r1
%4:r2
%5:r1
%6:r1
%7:r2
%8:r1
%9:r2
%10:r1
