push r0
push r0
push r0
push r0
push r0
push r0
movi r1,20
storei 0,r1
loadi r1,0
movi r2,0
add r1,r1,r2
movi r2,0
movi r3,1
add r2,r3,r2
store r2,r1
loadi r1,0
movi r2,1
sub r1,r1,r2
movi r2,1
movi r3,1
add r2,r3,r2
store r2,r1
loadi r1,0
movi r2,2
mul r1,r1,r2
movi r2,2
movi r3,1
add r2,r3,r2
store r2,r1
loadi r1,0
movi r2,3
div r1,r1,r2
movi r2,3
movi r3,1
add r2,r3,r2
store r2,r1
movi r1,20
loadi r2,0
movi r3,4
mul r2,r2,r3
add r1,r1,r2
movi r2,4
movi r3,1
add r2,r3,r2
store r2,r1
movi r1,1
movi r2,1
add r1,r2,r1
load r1,r1
movi r2,2
movi r3,1
add r2,r3,r2
load r2,r2
add r1,r1,r2
movi r2,0
movi r3,1
add r2,r3,r2
store r2,r1
exit
