push r0
push r0
push r0
push r0
push r0
push r0
movi %0,20
storei 0,%0
loadi %1,0
movi %2,0
add %3,%1,%2
movi %4,0
movi %5,1
add %6,%5,%4
store %6,%3
loadi %7,0
movi %8,1
sub %9,%7,%8
movi %10,1
movi %11,1
add %12,%11,%10
store %12,%9
loadi %13,0
movi %14,2
mul %15,%13,%14
movi %16,2
movi %17,1
add %18,%17,%16
store %18,%15
loadi %19,0
movi %20,3
div %21,%19,%20
movi %22,3
movi %23,1
add %24,%23,%22
store %24,%21
movi %25,20
loadi %26,0
movi %27,4
mul %28,%26,%27
add %29,%25,%28
movi %30,4
movi %31,1
add %32,%31,%30
store %32,%29
movi %33,1
movi %34,1
add %35,%34,%33
load %36,%35
movi %37,2
movi %38,1
add %39,%38,%37
load %40,%39
add %41,%36,%40
movi %42,0
movi %43,1
add %44,%43,%42
store %44,%41
exit
