INTERVALS:
%0:6,7
%1:8,10
%2:9,10
%3:10,14
%4:11,13
%5:12,13
%6:13,14
%7:15,17
%8:16,17
%9:17,21
%10:18,20
%11:19,20
%12:20,21
%13:22,24
%14:23,24
%15:24,28
%16:25,27
%17:26,27
%18:27,28
%19:29,31
%20:30,31
%21:31,35
%22:32,34
%23:33,34
%24:34,35
%25:36,40
%26:37,39
%27:38,39
%28:39,40
%29:40,44
%30:41,43
%31:42,43
%32:43,44
%33:45,47
%34:46,47
%35:47,48
%36:48,53
%37:49,51
%38:50,51
%39:51,52
%40:52,53
%41:53,57
%42:54,56
%43:55,56
%44:56,57
ALLOCATION:
%0:r1
%1:r1
%2:r2
%3:r1
%4:r2
%5:r3
%6:r2
%7:r1
%8:r2
%9:r1
%10:r2
%11:r3
%12:r2
%13:r1
%14:r2
%15:r1
%16:r2
%17:r3
%18:r2
%19:r1
%20:r2
%21:r1
%22:r2
%23:r3
%24:r2
%25:r1
%26:r2
%27:r3
%28:r2
%29:r1
%30:r2
%31:r3
%32:r2
%33:r1
%34:r2
%35:r1
%36:r1
%37:r2
%38:r3
%39:r2
%40:r2
%41:r1
%42:r2
%43:r3
%44:r2
