push r0
push r0
push r0
push r0
push r0
push r0
push r0
movi r1,20
storei 0,r1
movi r1,20
movi r2,0
movi r3,2
add r2,r3,r2
store r2,r1
loadi r1,0
movi r2,0
movi r3,2
add r2,r3,r2
load r2,r2
cmpeq r1,r2
movi r1,24
jnt r1
movi r1,15
storei 0,r1
loadi r1,0
movi r2,37
cmplt r1,r2
movi r1,33
jnt r1
movi r1,1
storei 1,r1
movi r1,35
jmp r1
movi r1,0
storei 1,r1
exit
