INTERVALS:
%0:1,2
%1:3,5
%2:6,8
ALLOCATION:
%0:r1
%1:r1
%2:r1
