push r0
push r0
push r0
push r0
push r0
push r0
push r0
movi %0,20
storei 0,%0
movi %1,20
movi %2,0
movi %3,2
add %4,%3,%2
store %4,%1
loadi %5,0
movi %6,0
movi %7,2
add %8,%7,%6
load %9,%8
cmpeq %5,%9
movi %10,24
jnt %10
movi %11,15
storei 0,%11
loadi %12,0
movi %13,37
cmplt %12,%13
movi %14,33
jnt %14
movi %15,1
storei 1,%15
movi %16,35
jmp %16
movi %17,0
storei 1,%17
exit
