INTERVALS:
%0:7,8
%1:9,10
%2:11,13
%3:12,13
%4:14,15
%5:16,18
%6:17,18
%7:18,22
%8:19,21
%9:20,21
%10:21,22
%11:23,25
%12:26,27
ALLOCATION:
%0:r1
%1:r1
%2:r1
%3:r2
%4:r1
%5:r1
%6:r2
%7:r1
%8:r2
%9:r3
%10:r2
%11:r1
%12:r1
