INTERVALS:
%0:7,8
%1:9,13
%2:10,12
%3:11,12
%4:12,13
%5:14,19
%6:15,17
%7:16,17
%8:17,18
%9:18,19
%10:20,21
%11:22,23
%12:24,26
%13:25,26
%14:27,28
%15:29,30
%16:31,32
%17:33,34
ALLOCATION:
%0:r1
%1:r1
%2:r2
%3:r3
%4:r2
%5:r1
%6:r2
%7:r3
%8:r2
%9:r2
%10:r1
%11:r1
%12:r1
%13:r2
%14:r1
%15:r1
%16:r1
%17:r1
