push r0
push r0
push r0
push r0
push r0
push r0
push r0
movi %0,5
storei 1,%0
movi %1,0
storei 0,%1
loadi %2,0
loadi %3,1
cmplt %2,%3
movi %4,28
jnt %4
loadi %5,0
movi %6,5
mul %7,%5,%6
loadi %8,0
movi %9,2
add %10,%9,%8
store %10,%7
loadi %11,0
inc %11
storei 0,%11
movi %12,11
jmp %12
exit
