push r0
push r0
push r0
push r0
push r0
push r0
push r0
movi r1,5
storei 1,r1
movi r1,0
storei 0,r1
loadi r1,0
loadi r2,1
cmplt r1,r2
movi r1,28
jnt r1
loadi r1,0
movi r2,5
mul r1,r1,r2
loadi r2,0
movi r3,2
add r2,r3,r2
store r2,r1
loadi r1,0
inc r1
storei 0,r1
movi r1,11
jmp r1
exit
