********************
r0=0
r1=0
r2=0
r3=0
r4=0
r5=0
r6=0
r7=0
pc=0
sc=0
ex=0
tx=0
ty=0
tr=0
tc=0
exit=0
test=0
pen=0
Executing: movi
********************
r0=0
r1=4
r2=0
r3=0
r4=0
r5=0
r6=0
r7=0
pc=1
sc=0
ex=0
tx=0
ty=0
tr=0
tc=0
exit=0
test=0
pen=0
Executing: jmp
********************
r0=0
r1=4
r2=0
r3=0
r4=0
r5=0
r6=0
r7=0
pc=4
sc=0
ex=0
tx=0
ty=0
tr=0
tc=0
exit=0
test=0
pen=0
Executing: movi
********************
r0=0
r1=4
r2=0
r3=0
r4=0
r5=0
r6=6
r7=0
pc=5
sc=0
ex=0
tx=0
ty=0
tr=0
tc=0
exit=0
test=0
pen=0
Executing: movi
********************
r0=0
r1=4
r2=0
r3=0
r4=0
r5=0
r6=6
r7=5
pc=6
sc=0
ex=0
tx=0
ty=0
tr=0
tc=0
exit=0
test=0
pen=0
Executing: dec
********************
r0=0
r1=4
r2=0
r3=0
r4=0
r5=0
r6=6
r7=4
pc=7
sc=0
ex=0
tx=0
ty=0
tr=0
tc=0
exit=0
test=0
pen=0
Executing: cmplt
********************
r0=0
r1=4
r2=0
r3=0
r4=0
r5=0
r6=6
r7=4
pc=8
sc=0
ex=0
tx=0
ty=0
tr=0
tc=0
exit=0
test=1
pen=0
Executing: jt
********************
r0=0
r1=4
r2=0
r3=0
r4=0
r5=0
r6=6
r7=4
pc=6
sc=0
ex=0
tx=0
ty=0
tr=0
tc=0
exit=0
test=1
pen=0
Executing: dec
********************
r0=0
r1=4
r2=0
r3=0
r4=0
r5=0
r6=6
r7=3
pc=7
sc=0
ex=0
tx=0
ty=0
tr=0
tc=0
exit=0
test=1
pen=0
Executing: cmplt
********************
r0=0
r1=4
r2=0
r3=0
r4=0
r5=0
r6=6
r7=3
pc=8
sc=0
ex=0
tx=0
ty=0
tr=0
tc=0
exit=0
test=1
pen=0
Executing: jt
********************
r0=0
r1=4
r2=0
r3=0
r4=0
r5=0
r6=6
r7=3
pc=6
sc=0
ex=0
tx=0
ty=0
tr=0
tc=0
exit=0
test=1
pen=0
Executing: dec
********************
r0=0
r1=4
r2=0
r3=0
r4=0
r5=0
r6=6
r7=2
pc=7
sc=0
ex=0
tx=0
ty=0
tr=0
tc=0
exit=0
test=1
pen=0
Executing: cmplt
********************
r0=0
r1=4
r2=0
r3=0
r4=0
r5=0
r6=6
r7=2
pc=8
sc=0
ex=0
tx=0
ty=0
tr=0
tc=0
exit=0
test=1
pen=0
Executing: jt
********************
r0=0
r1=4
r2=0
r3=0
r4=0
r5=0
r6=6
r7=2
pc=6
sc=0
ex=0
tx=0
ty=0
tr=0
tc=0
exit=0
test=1
pen=0
Executing: dec
********************
r0=0
r1=4
r2=0
r3=0
r4=0
r5=0
r6=6
r7=1
pc=7
sc=0
ex=0
tx=0
ty=0
tr=0
tc=0
exit=0
test=1
pen=0
Executing: cmplt
********************
r0=0
r1=4
r2=0
r3=0
r4=0
r5=0
r6=6
r7=1
pc=8
sc=0
ex=0
tx=0
ty=0
tr=0
tc=0
exit=0
test=1
pen=0
Executing: jt
********************
r0=0
r1=4
r2=0
r3=0
r4=0
r5=0
r6=6
r7=1
pc=6
sc=0
ex=0
tx=0
ty=0
tr=0
tc=0
exit=0
test=1
pen=0
Executing: dec
********************
r0=0
r1=4
r2=0
r3=0
r4=0
r5=0
r6=6
r7=0
pc=7
sc=0
ex=0
tx=0
ty=0
tr=0
tc=0
exit=0
test=1
pen=0
Executing: cmplt
********************
r0=0
r1=4
r2=0
r3=0
r4=0
r5=0
r6=6
r7=0
pc=8
sc=0
ex=0
tx=0
ty=0
tr=0
tc=0
exit=0
test=0
pen=0
Executing: jt
********************
r0=0
r1=4
r2=0
r3=0
r4=0
r5=0
r6=6
r7=0
pc=9
sc=0
ex=0
tx=0
ty=0
tr=0
tc=0
exit=0
test=0
pen=0
Executing: cmpeq
********************
r0=0
r1=4
r2=0
r3=0
r4=0
r5=0
r6=6
r7=0
pc=10
sc=0
ex=0
tx=0
ty=0
tr=0
tc=0
exit=0
test=1
pen=0
Executing: exit
********************
r0=0
r1=4
r2=0
r3=0
r4=0
r5=0
r6=6
r7=0
pc=11
sc=0
ex=0
tx=0
ty=0
tr=0
tc=0
exit=1
test=1
pen=0
