********************
r0=0
r1=0
r2=0
r3=0
r4=0
r5=0
r6=0
r7=0
pc=0
sc=0
ex=0
tx=0
ty=0
tr=0
tc=0
exit=0
test=0
pen=0
Executing: movi
********************
r0=0
r1=0
r2=0
r3=0
r4=0
r5=0
r6=0
r7=0
pc=1
sc=0
ex=0
tx=110
ty=0
tr=0
tc=0
exit=0
test=0
pen=0
Executing: movi
********************
r0=0
r1=0
r2=0
r3=0
r4=0
r5=0
r6=0
r7=0
pc=2
sc=0
ex=0
tx=110
ty=105
tr=0
tc=0
exit=0
test=0
pen=0
Executing: movi
********************
r0=0
r1=0
r2=0
r3=0
r4=0
r5=0
r6=0
r7=0
pc=3
sc=0
ex=0
tx=110
ty=105
tr=0
tc=1
exit=0
test=0
pen=0
Executing: pendown
********************
r0=0
r1=0
r2=0
r3=0
r4=0
r5=0
r6=0
r7=0
pc=4
sc=0
ex=0
tx=110
ty=105
tr=0
tc=1
exit=0
test=0
pen=1
Executing: mov
********************
r0=0
r1=0
r2=0
r3=0
r4=0
r5=0
r6=0
r7=0
pc=5
sc=0
ex=0
tx=110
ty=105
tr=0
tc=1
exit=0
test=0
pen=1
Executing: movi
********************
r0=0
r1=0
r2=0
r3=0
r4=0
r5=0
r6=5
r7=0
pc=6
sc=0
ex=0
tx=110
ty=105
tr=0
tc=1
exit=0
test=0
pen=1
Executing: movi
********************
r0=0
r1=100
r2=0
r3=0
r4=0
r5=0
r6=5
r7=0
pc=7
sc=0
ex=0
tx=110
ty=105
tr=0
tc=1
exit=0
test=0
pen=1
Executing: movi
********************
r0=0
r1=100
r2=144
r3=0
r4=0
r5=0
r6=5
r7=0
pc=8
sc=0
ex=0
tx=110
ty=105
tr=0
tc=1
exit=0
test=0
pen=1
Executing: fwd
********************
r0=0
r1=100
r2=144
r3=0
r4=0
r5=0
r6=5
r7=0
pc=9
sc=0
ex=0
tx=210
ty=105
tr=0
tc=1
exit=0
test=0
pen=1
Executing: add
********************
r0=0
r1=100
r2=144
r3=0
r4=0
r5=0
r6=5
r7=0
pc=10
sc=0
ex=0
tx=210
ty=105
tr=144
tc=1
exit=0
test=0
pen=1
Executing: inc
********************
r0=0
r1=100
r2=144
r3=0
r4=0
r5=0
r6=5
r7=0
pc=11
sc=0
ex=0
tx=210
ty=105
tr=144
tc=2
exit=0
test=0
pen=1
Executing: inc
********************
r0=0
r1=100
r2=144
r3=0
r4=0
r5=0
r6=5
r7=1
pc=12
sc=0
ex=0
tx=210
ty=105
tr=144
tc=2
exit=0
test=0
pen=1
Executing: cmplt
********************
r0=0
r1=100
r2=144
r3=0
r4=0
r5=0
r6=5
r7=1
pc=13
sc=0
ex=0
tx=210
ty=105
tr=144
tc=2
exit=0
test=1
pen=1
Executing: movi
********************
r0=0
r1=100
r2=144
r3=0
r4=0
r5=6
r6=5
r7=1
pc=14
sc=0
ex=0
tx=210
ty=105
tr=144
tc=2
exit=0
test=1
pen=1
Executing: jt
********************
r0=0
r1=100
r2=144
r3=0
r4=0
r5=6
r6=5
r7=1
pc=6
sc=0
ex=0
tx=210
ty=105
tr=144
tc=2
exit=0
test=1
pen=1
Executing: movi
********************
r0=0
r1=100
r2=144
r3=0
r4=0
r5=6
r6=5
r7=1
pc=7
sc=0
ex=0
tx=210
ty=105
tr=144
tc=2
exit=0
test=1
pen=1
Executing: movi
********************
r0=0
r1=100
r2=144
r3=0
r4=0
r5=6
r6=5
r7=1
pc=8
sc=0
ex=0
tx=210
ty=105
tr=144
tc=2
exit=0
test=1
pen=1
Executing: fwd
********************
r0=0
r1=100
r2=144
r3=0
r4=0
r5=6
r6=5
r7=1
pc=9
sc=0
ex=0
tx=130
ty=163
tr=144
tc=2
exit=0
test=1
pen=1
Executing: add
********************
r0=0
r1=100
r2=144
r3=0
r4=0
r5=6
r6=5
r7=1
pc=10
sc=0
ex=0
tx=130
ty=163
tr=288
tc=2
exit=0
test=1
pen=1
Executing: inc
********************
r0=0
r1=100
r2=144
r3=0
r4=0
r5=6
r6=5
r7=1
pc=11
sc=0
ex=0
tx=130
ty=163
tr=288
tc=3
exit=0
test=1
pen=1
Executing: inc
********************
r0=0
r1=100
r2=144
r3=0
r4=0
r5=6
r6=5
r7=2
pc=12
sc=0
ex=0
tx=130
ty=163
tr=288
tc=3
exit=0
test=1
pen=1
Executing: cmplt
********************
r0=0
r1=100
r2=144
r3=0
r4=0
r5=6
r6=5
r7=2
pc=13
sc=0
ex=0
tx=130
ty=163
tr=288
tc=3
exit=0
test=1
pen=1
Executing: movi
********************
r0=0
r1=100
r2=144
r3=0
r4=0
r5=6
r6=5
r7=2
pc=14
sc=0
ex=0
tx=130
ty=163
tr=288
tc=3
exit=0
test=1
pen=1
Executing: jt
********************
r0=0
r1=100
r2=144
r3=0
r4=0
r5=6
r6=5
r7=2
pc=6
sc=0
ex=0
tx=130
ty=163
tr=288
tc=3
exit=0
test=1
pen=1
Executing: movi
********************
r0=0
r1=100
r2=144
r3=0
r4=0
r5=6
r6=5
r7=2
pc=7
sc=0
ex=0
tx=130
ty=163
tr=288
tc=3
exit=0
test=1
pen=1
Executing: movi
********************
r0=0
r1=100
r2=144
r3=0
r4=0
r5=6
r6=5
r7=2
pc=8
sc=0
ex=0
tx=130
ty=163
tr=288
tc=3
exit=0
test=1
pen=1
Executing: fwd
********************
r0=0
r1=100
r2=144
r3=0
r4=0
r5=6
r6=5
r7=2
pc=9
sc=0
ex=0
tx=160
ty=68
tr=288
tc=3
exit=0
test=1
pen=1
Executing: add
********************
r0=0
r1=100
r2=144
r3=0
r4=0
r5=6
r6=5
r7=2
pc=10
sc=0
ex=0
tx=160
ty=68
tr=432
tc=3
exit=0
test=1
pen=1
Executing: inc
********************
r0=0
r1=100
r2=144
r3=0
r4=0
r5=6
r6=5
r7=2
pc=11
sc=0
ex=0
tx=160
ty=68
tr=432
tc=4
exit=0
test=1
pen=1
Executing: inc
********************
r0=0
r1=100
r2=144
r3=0
r4=0
r5=6
r6=5
r7=3
pc=12
sc=0
ex=0
tx=160
ty=68
tr=432
tc=4
exit=0
test=1
pen=1
Executing: cmplt
********************
r0=0
r1=100
r2=144
r3=0
r4=0
r5=6
r6=5
r7=3
pc=13
sc=0
ex=0
tx=160
ty=68
tr=432
tc=4
exit=0
test=1
pen=1
Executing: movi
********************
r0=0
r1=100
r2=144
r3=0
r4=0
r5=6
r6=5
r7=3
pc=14
sc=0
ex=0
tx=160
ty=68
tr=432
tc=4
exit=0
test=1
pen=1
Executing: jt
********************
r0=0
r1=100
r2=144
r3=0
r4=0
r5=6
r6=5
r7=3
pc=6
sc=0
ex=0
tx=160
ty=68
tr=432
tc=4
exit=0
test=1
pen=1
Executing: movi
********************
r0=0
r1=100
r2=144
r3=0
r4=0
r5=6
r6=5
r7=3
pc=7
sc=0
ex=0
tx=160
ty=68
tr=432
tc=4
exit=0
test=1
pen=1
Executing: movi
********************
r0=0
r1=100
r2=144
r3=0
r4=0
r5=6
r6=5
r7=3
pc=8
sc=0
ex=0
tx=160
ty=68
tr=432
tc=4
exit=0
test=1
pen=1
Executing: fwd
********************
r0=0
r1=100
r2=144
r3=0
r4=0
r5=6
r6=5
r7=3
pc=9
sc=0
ex=0
tx=190
ty=163
tr=432
tc=4
exit=0
test=1
pen=1
Executing: add
********************
r0=0
r1=100
r2=144
r3=0
r4=0
r5=6
r6=5
r7=3
pc=10
sc=0
ex=0
tx=190
ty=163
tr=576
tc=4
exit=0
test=1
pen=1
Executing: inc
********************
r0=0
r1=100
r2=144
r3=0
r4=0
r5=6
r6=5
r7=3
pc=11
sc=0
ex=0
tx=190
ty=163
tr=576
tc=5
exit=0
test=1
pen=1
Executing: inc
********************
r0=0
r1=100
r2=144
r3=0
r4=0
r5=6
r6=5
r7=4
pc=12
sc=0
ex=0
tx=190
ty=163
tr=576
tc=5
exit=0
test=1
pen=1
Executing: cmplt
********************
r0=0
r1=100
r2=144
r3=0
r4=0
r5=6
r6=5
r7=4
pc=13
sc=0
ex=0
tx=190
ty=163
tr=576
tc=5
exit=0
test=1
pen=1
Executing: movi
********************
r0=0
r1=100
r2=144
r3=0
r4=0
r5=6
r6=5
r7=4
pc=14
sc=0
ex=0
tx=190
ty=163
tr=576
tc=5
exit=0
test=1
pen=1
Executing: jt
********************
r0=0
r1=100
r2=144
r3=0
r4=0
r5=6
r6=5
r7=4
pc=6
sc=0
ex=0
tx=190
ty=163
tr=576
tc=5
exit=0
test=1
pen=1
Executing: movi
********************
r0=0
r1=100
r2=144
r3=0
r4=0
r5=6
r6=5
r7=4
pc=7
sc=0
ex=0
tx=190
ty=163
tr=576
tc=5
exit=0
test=1
pen=1
Executing: movi
********************
r0=0
r1=100
r2=144
r3=0
r4=0
r5=6
r6=5
r7=4
pc=8
sc=0
ex=0
tx=190
ty=163
tr=576
tc=5
exit=0
test=1
pen=1
Executing: fwd
********************
r0=0
r1=100
r2=144
r3=0
r4=0
r5=6
r6=5
r7=4
pc=9
sc=0
ex=0
tx=110
ty=105
tr=576
tc=5
exit=0
test=1
pen=1
Executing: add
********************
r0=0
r1=100
r2=144
r3=0
r4=0
r5=6
r6=5
r7=4
pc=10
sc=0
ex=0
tx=110
ty=105
tr=720
tc=5
exit=0
test=1
pen=1
Executing: inc
********************
r0=0
r1=100
r2=144
r3=0
r4=0
r5=6
r6=5
r7=4
pc=11
sc=0
ex=0
tx=110
ty=105
tr=720
tc=6
exit=0
test=1
pen=1
Executing: inc
********************
r0=0
r1=100
r2=144
r3=0
r4=0
r5=6
r6=5
r7=5
pc=12
sc=0
ex=0
tx=110
ty=105
tr=720
tc=6
exit=0
test=1
pen=1
Executing: cmplt
********************
r0=0
r1=100
r2=144
r3=0
r4=0
r5=6
r6=5
r7=5
pc=13
sc=0
ex=0
tx=110
ty=105
tr=720
tc=6
exit=0
test=0
pen=1
Executing: movi
********************
r0=0
r1=100
r2=144
r3=0
r4=0
r5=6
r6=5
r7=5
pc=14
sc=0
ex=0
tx=110
ty=105
tr=720
tc=6
exit=0
test=0
pen=1
Executing: jt
********************
r0=0
r1=100
r2=144
r3=0
r4=0
r5=6
r6=5
r7=5
pc=15
sc=0
ex=0
tx=110
ty=105
tr=720
tc=6
exit=0
test=0
pen=1
Executing: exit
********************
r0=0
r1=100
r2=144
r3=0
r4=0
r5=6
r6=5
r7=5
pc=16
sc=0
ex=0
tx=110
ty=105
tr=720
tc=6
exit=1
test=0
pen=1
