********************
r0=0
r1=0
r2=0
r3=0
r4=0
r5=0
r6=0
r7=0
pc=0
sc=0
ex=0
tx=0
ty=0
tr=0
tc=0
exit=0
test=0
pen=0
Executing: movi
********************
r0=0
r1=0
r2=0
r3=0
r4=0
r5=0
r6=0
r7=0
pc=1
sc=0
ex=0
tx=10
ty=0
tr=0
tc=0
exit=0
test=0
pen=0
Executing: movi
********************
r0=0
r1=0
r2=0
r3=0
r4=0
r5=0
r6=0
r7=0
pc=2
sc=0
ex=0
tx=10
ty=10
tr=0
tc=0
exit=0
test=0
pen=0
Executing: movi
********************
r0=0
r1=0
r2=0
r3=0
r4=0
r5=0
r6=0
r7=0
pc=3
sc=0
ex=0
tx=10
ty=10
tr=0
tc=6
exit=0
test=0
pen=0
Executing: pendown
********************
r0=0
r1=0
r2=0
r3=0
r4=0
r5=0
r6=0
r7=0
pc=4
sc=0
ex=0
tx=10
ty=10
tr=0
tc=6
exit=0
test=0
pen=1
Executing: movi
********************
r0=0
r1=0
r2=0
r3=0
r4=0
r5=0
r6=0
r7=10
pc=5
sc=0
ex=0
tx=10
ty=10
tr=0
tc=6
exit=0
test=0
pen=1
Executing: movi
********************
r0=0
r1=220
r2=0
r3=0
r4=0
r5=0
r6=0
r7=10
pc=6
sc=0
ex=0
tx=10
ty=10
tr=0
tc=6
exit=0
test=0
pen=1
Executing: movi
********************
r0=0
r1=220
r2=90
r3=0
r4=0
r5=0
r6=0
r7=10
pc=7
sc=0
ex=0
tx=10
ty=10
tr=0
tc=6
exit=0
test=0
pen=1
Executing: fwd
********************
r0=0
r1=220
r2=90
r3=0
r4=0
r5=0
r6=0
r7=10
pc=8
sc=0
ex=0
tx=230
ty=10
tr=0
tc=6
exit=0
test=0
pen=1
Executing: add
********************
r0=0
r1=220
r2=90
r3=0
r4=0
r5=0
r6=0
r7=10
pc=9
sc=0
ex=0
tx=230
ty=10
tr=90
tc=6
exit=0
test=0
pen=1
Executing: fwd
********************
r0=0
r1=220
r2=90
r3=0
r4=0
r5=0
r6=0
r7=10
pc=10
sc=0
ex=0
tx=230
ty=230
tr=90
tc=6
exit=0
test=0
pen=1
Executing: add
********************
r0=0
r1=220
r2=90
r3=0
r4=0
r5=0
r6=0
r7=10
pc=11
sc=0
ex=0
tx=230
ty=230
tr=180
tc=6
exit=0
test=0
pen=1
Executing: fwd
********************
r0=0
r1=220
r2=90
r3=0
r4=0
r5=0
r6=0
r7=10
pc=12
sc=0
ex=0
tx=10
ty=230
tr=180
tc=6
exit=0
test=0
pen=1
Executing: add
********************
r0=0
r1=220
r2=90
r3=0
r4=0
r5=0
r6=0
r7=10
pc=13
sc=0
ex=0
tx=10
ty=230
tr=270
tc=6
exit=0
test=0
pen=1
Executing: sub
********************
r0=0
r1=210
r2=90
r3=0
r4=0
r5=0
r6=0
r7=10
pc=14
sc=0
ex=0
tx=10
ty=230
tr=270
tc=6
exit=0
test=0
pen=1
Executing: fwd
********************
r0=0
r1=210
r2=90
r3=0
r4=0
r5=0
r6=0
r7=10
pc=15
sc=0
ex=0
tx=10
ty=20
tr=270
tc=6
exit=0
test=0
pen=1
Executing: add
********************
r0=0
r1=210
r2=90
r3=0
r4=0
r5=0
r6=0
r7=10
pc=16
sc=0
ex=0
tx=10
ty=20
tr=360
tc=6
exit=0
test=0
pen=1
Executing: cmplt
********************
r0=0
r1=210
r2=90
r3=0
r4=0
r5=0
r6=0
r7=10
pc=17
sc=0
ex=0
tx=10
ty=20
tr=360
tc=6
exit=0
test=1
pen=1
Executing: movi
********************
r0=0
r1=210
r2=90
r3=0
r4=0
r5=7
r6=0
r7=10
pc=18
sc=0
ex=0
tx=10
ty=20
tr=360
tc=6
exit=0
test=1
pen=1
Executing: jt
********************
r0=0
r1=210
r2=90
r3=0
r4=0
r5=7
r6=0
r7=10
pc=7
sc=0
ex=0
tx=10
ty=20
tr=360
tc=6
exit=0
test=1
pen=1
Executing: fwd
********************
r0=0
r1=210
r2=90
r3=0
r4=0
r5=7
r6=0
r7=10
pc=8
sc=0
ex=0
tx=220
ty=20
tr=360
tc=6
exit=0
test=1
pen=1
Executing: add
********************
r0=0
r1=210
r2=90
r3=0
r4=0
r5=7
r6=0
r7=10
pc=9
sc=0
ex=0
tx=220
ty=20
tr=450
tc=6
exit=0
test=1
pen=1
Executing: fwd
********************
r0=0
r1=210
r2=90
r3=0
r4=0
r5=7
r6=0
r7=10
pc=10
sc=0
ex=0
tx=220
ty=230
tr=450
tc=6
exit=0
test=1
pen=1
Executing: add
********************
r0=0
r1=210
r2=90
r3=0
r4=0
r5=7
r6=0
r7=10
pc=11
sc=0
ex=0
tx=220
ty=230
tr=540
tc=6
exit=0
test=1
pen=1
Executing: fwd
********************
r0=0
r1=210
r2=90
r3=0
r4=0
r5=7
r6=0
r7=10
pc=12
sc=0
ex=0
tx=10
ty=230
tr=540
tc=6
exit=0
test=1
pen=1
Executing: add
********************
r0=0
r1=210
r2=90
r3=0
r4=0
r5=7
r6=0
r7=10
pc=13
sc=0
ex=0
tx=10
ty=230
tr=630
tc=6
exit=0
test=1
pen=1
Executing: sub
********************
r0=0
r1=200
r2=90
r3=0
r4=0
r5=7
r6=0
r7=10
pc=14
sc=0
ex=0
tx=10
ty=230
tr=630
tc=6
exit=0
test=1
pen=1
Executing: fwd
********************
r0=0
r1=200
r2=90
r3=0
r4=0
r5=7
r6=0
r7=10
pc=15
sc=0
ex=0
tx=10
ty=30
tr=630
tc=6
exit=0
test=1
pen=1
Executing: add
********************
r0=0
r1=200
r2=90
r3=0
r4=0
r5=7
r6=0
r7=10
pc=16
sc=0
ex=0
tx=10
ty=30
tr=720
tc=6
exit=0
test=1
pen=1
Executing: cmplt
********************
r0=0
r1=200
r2=90
r3=0
r4=0
r5=7
r6=0
r7=10
pc=17
sc=0
ex=0
tx=10
ty=30
tr=720
tc=6
exit=0
test=1
pen=1
Executing: movi
********************
r0=0
r1=200
r2=90
r3=0
r4=0
r5=7
r6=0
r7=10
pc=18
sc=0
ex=0
tx=10
ty=30
tr=720
tc=6
exit=0
test=1
pen=1
Executing: jt
********************
r0=0
r1=200
r2=90
r3=0
r4=0
r5=7
r6=0
r7=10
pc=7
sc=0
ex=0
tx=10
ty=30
tr=720
tc=6
exit=0
test=1
pen=1
Executing: fwd
********************
r0=0
r1=200
r2=90
r3=0
r4=0
r5=7
r6=0
r7=10
pc=8
sc=0
ex=0
tx=210
ty=30
tr=720
tc=6
exit=0
test=1
pen=1
Executing: add
********************
r0=0
r1=200
r2=90
r3=0
r4=0
r5=7
r6=0
r7=10
pc=9
sc=0
ex=0
tx=210
ty=30
tr=810
tc=6
exit=0
test=1
pen=1
Executing: fwd
********************
r0=0
r1=200
r2=90
r3=0
r4=0
r5=7
r6=0
r7=10
pc=10
sc=0
ex=0
tx=210
ty=230
tr=810
tc=6
exit=0
test=1
pen=1
Executing: add
********************
r0=0
r1=200
r2=90
r3=0
r4=0
r5=7
r6=0
r7=10
pc=11
sc=0
ex=0
tx=210
ty=230
tr=900
tc=6
exit=0
test=1
pen=1
Executing: fwd
********************
r0=0
r1=200
r2=90
r3=0
r4=0
r5=7
r6=0
r7=10
pc=12
sc=0
ex=0
tx=10
ty=230
tr=900
tc=6
exit=0
test=1
pen=1
Executing: add
********************
r0=0
r1=200
r2=90
r3=0
r4=0
r5=7
r6=0
r7=10
pc=13
sc=0
ex=0
tx=10
ty=230
tr=990
tc=6
exit=0
test=1
pen=1
Executing: sub
********************
r0=0
r1=190
r2=90
r3=0
r4=0
r5=7
r6=0
r7=10
pc=14
sc=0
ex=0
tx=10
ty=230
tr=990
tc=6
exit=0
test=1
pen=1
Executing: fwd
********************
r0=0
r1=190
r2=90
r3=0
r4=0
r5=7
r6=0
r7=10
pc=15
sc=0
ex=0
tx=10
ty=40
tr=990
tc=6
exit=0
test=1
pen=1
Executing: add
********************
r0=0
r1=190
r2=90
r3=0
r4=0
r5=7
r6=0
r7=10
pc=16
sc=0
ex=0
tx=10
ty=40
tr=1080
tc=6
exit=0
test=1
pen=1
Executing: cmplt
********************
r0=0
r1=190
r2=90
r3=0
r4=0
r5=7
r6=0
r7=10
pc=17
sc=0
ex=0
tx=10
ty=40
tr=1080
tc=6
exit=0
test=1
pen=1
Executing: movi
********************
r0=0
r1=190
r2=90
r3=0
r4=0
r5=7
r6=0
r7=10
pc=18
sc=0
ex=0
tx=10
ty=40
tr=1080
tc=6
exit=0
test=1
pen=1
Executing: jt
********************
r0=0
r1=190
r2=90
r3=0
r4=0
r5=7
r6=0
r7=10
pc=7
sc=0
ex=0
tx=10
ty=40
tr=1080
tc=6
exit=0
test=1
pen=1
Executing: fwd
********************
r0=0
r1=190
r2=90
r3=0
r4=0
r5=7
r6=0
r7=10
pc=8
sc=0
ex=0
tx=200
ty=40
tr=1080
tc=6
exit=0
test=1
pen=1
Executing: add
********************
r0=0
r1=190
r2=90
r3=0
r4=0
r5=7
r6=0
r7=10
pc=9
sc=0
ex=0
tx=200
ty=40
tr=1170
tc=6
exit=0
test=1
pen=1
Executing: fwd
********************
r0=0
r1=190
r2=90
r3=0
r4=0
r5=7
r6=0
r7=10
pc=10
sc=0
ex=0
tx=200
ty=230
tr=1170
tc=6
exit=0
test=1
pen=1
Executing: add
********************
r0=0
r1=190
r2=90
r3=0
r4=0
r5=7
r6=0
r7=10
pc=11
sc=0
ex=0
tx=200
ty=230
tr=1260
tc=6
exit=0
test=1
pen=1
Executing: fwd
********************
r0=0
r1=190
r2=90
r3=0
r4=0
r5=7
r6=0
r7=10
pc=12
sc=0
ex=0
tx=10
ty=230
tr=1260
tc=6
exit=0
test=1
pen=1
Executing: add
********************
r0=0
r1=190
r2=90
r3=0
r4=0
r5=7
r6=0
r7=10
pc=13
sc=0
ex=0
tx=10
ty=230
tr=1350
tc=6
exit=0
test=1
pen=1
Executing: sub
********************
r0=0
r1=180
r2=90
r3=0
r4=0
r5=7
r6=0
r7=10
pc=14
sc=0
ex=0
tx=10
ty=230
tr=1350
tc=6
exit=0
test=1
pen=1
Executing: fwd
********************
r0=0
r1=180
r2=90
r3=0
r4=0
r5=7
r6=0
r7=10
pc=15
sc=0
ex=0
tx=10
ty=50
tr=1350
tc=6
exit=0
test=1
pen=1
Executing: add
********************
r0=0
r1=180
r2=90
r3=0
r4=0
r5=7
r6=0
r7=10
pc=16
sc=0
ex=0
tx=10
ty=50
tr=1440
tc=6
exit=0
test=1
pen=1
Executing: cmplt
********************
r0=0
r1=180
r2=90
r3=0
r4=0
r5=7
r6=0
r7=10
pc=17
sc=0
ex=0
tx=10
ty=50
tr=1440
tc=6
exit=0
test=1
pen=1
Executing: movi
********************
r0=0
r1=180
r2=90
r3=0
r4=0
r5=7
r6=0
r7=10
pc=18
sc=0
ex=0
tx=10
ty=50
tr=1440
tc=6
exit=0
test=1
pen=1
Executing: jt
********************
r0=0
r1=180
r2=90
r3=0
r4=0
r5=7
r6=0
r7=10
pc=7
sc=0
ex=0
tx=10
ty=50
tr=1440
tc=6
exit=0
test=1
pen=1
Executing: fwd
********************
r0=0
r1=180
r2=90
r3=0
r4=0
r5=7
r6=0
r7=10
pc=8
sc=0
ex=0
tx=190
ty=50
tr=1440
tc=6
exit=0
test=1
pen=1
Executing: add
********************
r0=0
r1=180
r2=90
r3=0
r4=0
r5=7
r6=0
r7=10
pc=9
sc=0
ex=0
tx=190
ty=50
tr=1530
tc=6
exit=0
test=1
pen=1
Executing: fwd
********************
r0=0
r1=180
r2=90
r3=0
r4=0
r5=7
r6=0
r7=10
pc=10
sc=0
ex=0
tx=190
ty=230
tr=1530
tc=6
exit=0
test=1
pen=1
Executing: add
********************
r0=0
r1=180
r2=90
r3=0
r4=0
r5=7
r6=0
r7=10
pc=11
sc=0
ex=0
tx=190
ty=230
tr=1620
tc=6
exit=0
test=1
pen=1
Executing: fwd
********************
r0=0
r1=180
r2=90
r3=0
r4=0
r5=7
r6=0
r7=10
pc=12
sc=0
ex=0
tx=10
ty=230
tr=1620
tc=6
exit=0
test=1
pen=1
Executing: add
********************
r0=0
r1=180
r2=90
r3=0
r4=0
r5=7
r6=0
r7=10
pc=13
sc=0
ex=0
tx=10
ty=230
tr=1710
tc=6
exit=0
test=1
pen=1
Executing: sub
********************
r0=0
r1=170
r2=90
r3=0
r4=0
r5=7
r6=0
r7=10
pc=14
sc=0
ex=0
tx=10
ty=230
tr=1710
tc=6
exit=0
test=1
pen=1
Executing: fwd
********************
r0=0
r1=170
r2=90
r3=0
r4=0
r5=7
r6=0
r7=10
pc=15
sc=0
ex=0
tx=10
ty=60
tr=1710
tc=6
exit=0
test=1
pen=1
Executing: add
********************
r0=0
r1=170
r2=90
r3=0
r4=0
r5=7
r6=0
r7=10
pc=16
sc=0
ex=0
tx=10
ty=60
tr=1800
tc=6
exit=0
test=1
pen=1
Executing: cmplt
********************
r0=0
r1=170
r2=90
r3=0
r4=0
r5=7
r6=0
r7=10
pc=17
sc=0
ex=0
tx=10
ty=60
tr=1800
tc=6
exit=0
test=1
pen=1
Executing: movi
********************
r0=0
r1=170
r2=90
r3=0
r4=0
r5=7
r6=0
r7=10
pc=18
sc=0
ex=0
tx=10
ty=60
tr=1800
tc=6
exit=0
test=1
pen=1
Executing: jt
********************
r0=0
r1=170
r2=90
r3=0
r4=0
r5=7
r6=0
r7=10
pc=7
sc=0
ex=0
tx=10
ty=60
tr=1800
tc=6
exit=0
test=1
pen=1
Executing: fwd
********************
r0=0
r1=170
r2=90
r3=0
r4=0
r5=7
r6=0
r7=10
pc=8
sc=0
ex=0
tx=180
ty=60
tr=1800
tc=6
exit=0
test=1
pen=1
Executing: add
********************
r0=0
r1=170
r2=90
r3=0
r4=0
r5=7
r6=0
r7=10
pc=9
sc=0
ex=0
tx=180
ty=60
tr=1890
tc=6
exit=0
test=1
pen=1
Executing: fwd
********************
r0=0
r1=170
r2=90
r3=0
r4=0
r5=7
r6=0
r7=10
pc=10
sc=0
ex=0
tx=180
ty=230
tr=1890
tc=6
exit=0
test=1
pen=1
Executing: add
********************
r0=0
r1=170
r2=90
r3=0
r4=0
r5=7
r6=0
r7=10
pc=11
sc=0
ex=0
tx=180
ty=230
tr=1980
tc=6
exit=0
test=1
pen=1
Executing: fwd
********************
r0=0
r1=170
r2=90
r3=0
r4=0
r5=7
r6=0
r7=10
pc=12
sc=0
ex=0
tx=10
ty=230
tr=1980
tc=6
exit=0
test=1
pen=1
Executing: add
********************
r0=0
r1=170
r2=90
r3=0
r4=0
r5=7
r6=0
r7=10
pc=13
sc=0
ex=0
tx=10
ty=230
tr=2070
tc=6
exit=0
test=1
pen=1
Executing: sub
********************
r0=0
r1=160
r2=90
r3=0
r4=0
r5=7
r6=0
r7=10
pc=14
sc=0
ex=0
tx=10
ty=230
tr=2070
tc=6
exit=0
test=1
pen=1
Executing: fwd
********************
r0=0
r1=160
r2=90
r3=0
r4=0
r5=7
r6=0
r7=10
pc=15
sc=0
ex=0
tx=10
ty=70
tr=2070
tc=6
exit=0
test=1
pen=1
Executing: add
********************
r0=0
r1=160
r2=90
r3=0
r4=0
r5=7
r6=0
r7=10
pc=16
sc=0
ex=0
tx=10
ty=70
tr=2160
tc=6
exit=0
test=1
pen=1
Executing: cmplt
********************
r0=0
r1=160
r2=90
r3=0
r4=0
r5=7
r6=0
r7=10
pc=17
sc=0
ex=0
tx=10
ty=70
tr=2160
tc=6
exit=0
test=1
pen=1
Executing: movi
********************
r0=0
r1=160
r2=90
r3=0
r4=0
r5=7
r6=0
r7=10
pc=18
sc=0
ex=0
tx=10
ty=70
tr=2160
tc=6
exit=0
test=1
pen=1
Executing: jt
********************
r0=0
r1=160
r2=90
r3=0
r4=0
r5=7
r6=0
r7=10
pc=7
sc=0
ex=0
tx=10
ty=70
tr=2160
tc=6
exit=0
test=1
pen=1
Executing: fwd
********************
r0=0
r1=160
r2=90
r3=0
r4=0
r5=7
r6=0
r7=10
pc=8
sc=0
ex=0
tx=170
ty=70
tr=2160
tc=6
exit=0
test=1
pen=1
Executing: add
********************
r0=0
r1=160
r2=90
r3=0
r4=0
r5=7
r6=0
r7=10
pc=9
sc=0
ex=0
tx=170
ty=70
tr=2250
tc=6
exit=0
test=1
pen=1
Executing: fwd
********************
r0=0
r1=160
r2=90
r3=0
r4=0
r5=7
r6=0
r7=10
pc=10
sc=0
ex=0
tx=170
ty=230
tr=2250
tc=6
exit=0
test=1
pen=1
Executing: add
********************
r0=0
r1=160
r2=90
r3=0
r4=0
r5=7
r6=0
r7=10
pc=11
sc=0
ex=0
tx=170
ty=230
tr=2340
tc=6
exit=0
test=1
pen=1
Executing: fwd
********************
r0=0
r1=160
r2=90
r3=0
r4=0
r5=7
r6=0
r7=10
pc=12
sc=0
ex=0
tx=10
ty=230
tr=2340
tc=6
exit=0
test=1
pen=1
Executing: add
********************
r0=0
r1=160
r2=90
r3=0
r4=0
r5=7
r6=0
r7=10
pc=13
sc=0
ex=0
tx=10
ty=230
tr=2430
tc=6
exit=0
test=1
pen=1
Executing: sub
********************
r0=0
r1=150
r2=90
r3=0
r4=0
r5=7
r6=0
r7=10
pc=14
sc=0
ex=0
tx=10
ty=230
tr=2430
tc=6
exit=0
test=1
pen=1
Executing: fwd
********************
r0=0
r1=150
r2=90
r3=0
r4=0
r5=7
r6=0
r7=10
pc=15
sc=0
ex=0
tx=10
ty=80
tr=2430
tc=6
exit=0
test=1
pen=1
Executing: add
********************
r0=0
r1=150
r2=90
r3=0
r4=0
r5=7
r6=0
r7=10
pc=16
sc=0
ex=0
tx=10
ty=80
tr=2520
tc=6
exit=0
test=1
pen=1
Executing: cmplt
********************
r0=0
r1=150
r2=90
r3=0
r4=0
r5=7
r6=0
r7=10
pc=17
sc=0
ex=0
tx=10
ty=80
tr=2520
tc=6
exit=0
test=1
pen=1
Executing: movi
********************
r0=0
r1=150
r2=90
r3=0
r4=0
r5=7
r6=0
r7=10
pc=18
sc=0
ex=0
tx=10
ty=80
tr=2520
tc=6
exit=0
test=1
pen=1
Executing: jt
********************
r0=0
r1=150
r2=90
r3=0
r4=0
r5=7
r6=0
r7=10
pc=7
sc=0
ex=0
tx=10
ty=80
tr=2520
tc=6
exit=0
test=1
pen=1
Executing: fwd
********************
r0=0
r1=150
r2=90
r3=0
r4=0
r5=7
r6=0
r7=10
pc=8
sc=0
ex=0
tx=160
ty=80
tr=2520
tc=6
exit=0
test=1
pen=1
Executing: add
********************
r0=0
r1=150
r2=90
r3=0
r4=0
r5=7
r6=0
r7=10
pc=9
sc=0
ex=0
tx=160
ty=80
tr=2610
tc=6
exit=0
test=1
pen=1
Executing: fwd
********************
r0=0
r1=150
r2=90
r3=0
r4=0
r5=7
r6=0
r7=10
pc=10
sc=0
ex=0
tx=160
ty=230
tr=2610
tc=6
exit=0
test=1
pen=1
Executing: add
********************
r0=0
r1=150
r2=90
r3=0
r4=0
r5=7
r6=0
r7=10
pc=11
sc=0
ex=0
tx=160
ty=230
tr=2700
tc=6
exit=0
test=1
pen=1
Executing: fwd
********************
r0=0
r1=150
r2=90
r3=0
r4=0
r5=7
r6=0
r7=10
pc=12
sc=0
ex=0
tx=10
ty=230
tr=2700
tc=6
exit=0
test=1
pen=1
Executing: add
********************
r0=0
r1=150
r2=90
r3=0
r4=0
r5=7
r6=0
r7=10
pc=13
sc=0
ex=0
tx=10
ty=230
tr=2790
tc=6
exit=0
test=1
pen=1
Executing: sub
********************
r0=0
r1=140
r2=90
r3=0
r4=0
r5=7
r6=0
r7=10
pc=14
sc=0
ex=0
tx=10
ty=230
tr=2790
tc=6
exit=0
test=1
pen=1
Executing: fwd
********************
r0=0
r1=140
r2=90
r3=0
r4=0
r5=7
r6=0
r7=10
pc=15
sc=0
ex=0
tx=10
ty=90
tr=2790
tc=6
exit=0
test=1
pen=1
Executing: add
********************
r0=0
r1=140
r2=90
r3=0
r4=0
r5=7
r6=0
r7=10
pc=16
sc=0
ex=0
tx=10
ty=90
tr=2880
tc=6
exit=0
test=1
pen=1
Executing: cmplt
********************
r0=0
r1=140
r2=90
r3=0
r4=0
r5=7
r6=0
r7=10
pc=17
sc=0
ex=0
tx=10
ty=90
tr=2880
tc=6
exit=0
test=1
pen=1
Executing: movi
********************
r0=0
r1=140
r2=90
r3=0
r4=0
r5=7
r6=0
r7=10
pc=18
sc=0
ex=0
tx=10
ty=90
tr=2880
tc=6
exit=0
test=1
pen=1
Executing: jt
********************
r0=0
r1=140
r2=90
r3=0
r4=0
r5=7
r6=0
r7=10
pc=7
sc=0
ex=0
tx=10
ty=90
tr=2880
tc=6
exit=0
test=1
pen=1
Executing: fwd
********************
r0=0
r1=140
r2=90
r3=0
r4=0
r5=7
r6=0
r7=10
pc=8
sc=0
ex=0
tx=150
ty=90
tr=2880
tc=6
exit=0
test=1
pen=1
Executing: add
********************
r0=0
r1=140
r2=90
r3=0
r4=0
r5=7
r6=0
r7=10
pc=9
sc=0
ex=0
tx=150
ty=90
tr=2970
tc=6
exit=0
test=1
pen=1
Executing: fwd
********************
r0=0
r1=140
r2=90
r3=0
r4=0
r5=7
r6=0
r7=10
pc=10
sc=0
ex=0
tx=150
ty=230
tr=2970
tc=6
exit=0
test=1
pen=1
Executing: add
********************
r0=0
r1=140
r2=90
r3=0
r4=0
r5=7
r6=0
r7=10
pc=11
sc=0
ex=0
tx=150
ty=230
tr=3060
tc=6
exit=0
test=1
pen=1
Executing: fwd
********************
r0=0
r1=140
r2=90
r3=0
r4=0
r5=7
r6=0
r7=10
pc=12
sc=0
ex=0
tx=10
ty=230
tr=3060
tc=6
exit=0
test=1
pen=1
Executing: add
********************
r0=0
r1=140
r2=90
r3=0
r4=0
r5=7
r6=0
r7=10
pc=13
sc=0
ex=0
tx=10
ty=230
tr=3150
tc=6
exit=0
test=1
pen=1
Executing: sub
********************
r0=0
r1=130
r2=90
r3=0
r4=0
r5=7
r6=0
r7=10
pc=14
sc=0
ex=0
tx=10
ty=230
tr=3150
tc=6
exit=0
test=1
pen=1
Executing: fwd
********************
r0=0
r1=130
r2=90
r3=0
r4=0
r5=7
r6=0
r7=10
pc=15
sc=0
ex=0
tx=10
ty=100
tr=3150
tc=6
exit=0
test=1
pen=1
Executing: add
********************
r0=0
r1=130
r2=90
r3=0
r4=0
r5=7
r6=0
r7=10
pc=16
sc=0
ex=0
tx=10
ty=100
tr=3240
tc=6
exit=0
test=1
pen=1
Executing: cmplt
********************
r0=0
r1=130
r2=90
r3=0
r4=0
r5=7
r6=0
r7=10
pc=17
sc=0
ex=0
tx=10
ty=100
tr=3240
tc=6
exit=0
test=1
pen=1
Executing: movi
********************
r0=0
r1=130
r2=90
r3=0
r4=0
r5=7
r6=0
r7=10
pc=18
sc=0
ex=0
tx=10
ty=100
tr=3240
tc=6
exit=0
test=1
pen=1
Executing: jt
********************
r0=0
r1=130
r2=90
r3=0
r4=0
r5=7
r6=0
r7=10
pc=7
sc=0
ex=0
tx=10
ty=100
tr=3240
tc=6
exit=0
test=1
pen=1
Executing: fwd
********************
r0=0
r1=130
r2=90
r3=0
r4=0
r5=7
r6=0
r7=10
pc=8
sc=0
ex=0
tx=140
ty=100
tr=3240
tc=6
exit=0
test=1
pen=1
Executing: add
********************
r0=0
r1=130
r2=90
r3=0
r4=0
r5=7
r6=0
r7=10
pc=9
sc=0
ex=0
tx=140
ty=100
tr=3330
tc=6
exit=0
test=1
pen=1
Executing: fwd
********************
r0=0
r1=130
r2=90
r3=0
r4=0
r5=7
r6=0
r7=10
pc=10
sc=0
ex=0
tx=140
ty=230
tr=3330
tc=6
exit=0
test=1
pen=1
Executing: add
********************
r0=0
r1=130
r2=90
r3=0
r4=0
r5=7
r6=0
r7=10
pc=11
sc=0
ex=0
tx=140
ty=230
tr=3420
tc=6
exit=0
test=1
pen=1
Executing: fwd
********************
r0=0
r1=130
r2=90
r3=0
r4=0
r5=7
r6=0
r7=10
pc=12
sc=0
ex=0
tx=10
ty=230
tr=3420
tc=6
exit=0
test=1
pen=1
Executing: add
********************
r0=0
r1=130
r2=90
r3=0
r4=0
r5=7
r6=0
r7=10
pc=13
sc=0
ex=0
tx=10
ty=230
tr=3510
tc=6
exit=0
test=1
pen=1
Executing: sub
********************
r0=0
r1=120
r2=90
r3=0
r4=0
r5=7
r6=0
r7=10
pc=14
sc=0
ex=0
tx=10
ty=230
tr=3510
tc=6
exit=0
test=1
pen=1
Executing: fwd
********************
r0=0
r1=120
r2=90
r3=0
r4=0
r5=7
r6=0
r7=10
pc=15
sc=0
ex=0
tx=10
ty=110
tr=3510
tc=6
exit=0
test=1
pen=1
Executing: add
********************
r0=0
r1=120
r2=90
r3=0
r4=0
r5=7
r6=0
r7=10
pc=16
sc=0
ex=0
tx=10
ty=110
tr=3600
tc=6
exit=0
test=1
pen=1
Executing: cmplt
********************
r0=0
r1=120
r2=90
r3=0
r4=0
r5=7
r6=0
r7=10
pc=17
sc=0
ex=0
tx=10
ty=110
tr=3600
tc=6
exit=0
test=1
pen=1
Executing: movi
********************
r0=0
r1=120
r2=90
r3=0
r4=0
r5=7
r6=0
r7=10
pc=18
sc=0
ex=0
tx=10
ty=110
tr=3600
tc=6
exit=0
test=1
pen=1
Executing: jt
********************
r0=0
r1=120
r2=90
r3=0
r4=0
r5=7
r6=0
r7=10
pc=7
sc=0
ex=0
tx=10
ty=110
tr=3600
tc=6
exit=0
test=1
pen=1
Executing: fwd
********************
r0=0
r1=120
r2=90
r3=0
r4=0
r5=7
r6=0
r7=10
pc=8
sc=0
ex=0
tx=130
ty=110
tr=3600
tc=6
exit=0
test=1
pen=1
Executing: add
********************
r0=0
r1=120
r2=90
r3=0
r4=0
r5=7
r6=0
r7=10
pc=9
sc=0
ex=0
tx=130
ty=110
tr=3690
tc=6
exit=0
test=1
pen=1
Executing: fwd
********************
r0=0
r1=120
r2=90
r3=0
r4=0
r5=7
r6=0
r7=10
pc=10
sc=0
ex=0
tx=130
ty=230
tr=3690
tc=6
exit=0
test=1
pen=1
Executing: add
********************
r0=0
r1=120
r2=90
r3=0
r4=0
r5=7
r6=0
r7=10
pc=11
sc=0
ex=0
tx=130
ty=230
tr=3780
tc=6
exit=0
test=1
pen=1
Executing: fwd
********************
r0=0
r1=120
r2=90
r3=0
r4=0
r5=7
r6=0
r7=10
pc=12
sc=0
ex=0
tx=10
ty=230
tr=3780
tc=6
exit=0
test=1
pen=1
Executing: add
********************
r0=0
r1=120
r2=90
r3=0
r4=0
r5=7
r6=0
r7=10
pc=13
sc=0
ex=0
tx=10
ty=230
tr=3870
tc=6
exit=0
test=1
pen=1
Executing: sub
********************
r0=0
r1=110
r2=90
r3=0
r4=0
r5=7
r6=0
r7=10
pc=14
sc=0
ex=0
tx=10
ty=230
tr=3870
tc=6
exit=0
test=1
pen=1
Executing: fwd
********************
r0=0
r1=110
r2=90
r3=0
r4=0
r5=7
r6=0
r7=10
pc=15
sc=0
ex=0
tx=10
ty=120
tr=3870
tc=6
exit=0
test=1
pen=1
Executing: add
********************
r0=0
r1=110
r2=90
r3=0
r4=0
r5=7
r6=0
r7=10
pc=16
sc=0
ex=0
tx=10
ty=120
tr=3960
tc=6
exit=0
test=1
pen=1
Executing: cmplt
********************
r0=0
r1=110
r2=90
r3=0
r4=0
r5=7
r6=0
r7=10
pc=17
sc=0
ex=0
tx=10
ty=120
tr=3960
tc=6
exit=0
test=1
pen=1
Executing: movi
********************
r0=0
r1=110
r2=90
r3=0
r4=0
r5=7
r6=0
r7=10
pc=18
sc=0
ex=0
tx=10
ty=120
tr=3960
tc=6
exit=0
test=1
pen=1
Executing: jt
********************
r0=0
r1=110
r2=90
r3=0
r4=0
r5=7
r6=0
r7=10
pc=7
sc=0
ex=0
tx=10
ty=120
tr=3960
tc=6
exit=0
test=1
pen=1
Executing: fwd
********************
r0=0
r1=110
r2=90
r3=0
r4=0
r5=7
r6=0
r7=10
pc=8
sc=0
ex=0
tx=120
ty=120
tr=3960
tc=6
exit=0
test=1
pen=1
Executing: add
********************
r0=0
r1=110
r2=90
r3=0
r4=0
r5=7
r6=0
r7=10
pc=9
sc=0
ex=0
tx=120
ty=120
tr=4050
tc=6
exit=0
test=1
pen=1
Executing: fwd
********************
r0=0
r1=110
r2=90
r3=0
r4=0
r5=7
r6=0
r7=10
pc=10
sc=0
ex=0
tx=120
ty=230
tr=4050
tc=6
exit=0
test=1
pen=1
Executing: add
********************
r0=0
r1=110
r2=90
r3=0
r4=0
r5=7
r6=0
r7=10
pc=11
sc=0
ex=0
tx=120
ty=230
tr=4140
tc=6
exit=0
test=1
pen=1
Executing: fwd
********************
r0=0
r1=110
r2=90
r3=0
r4=0
r5=7
r6=0
r7=10
pc=12
sc=0
ex=0
tx=10
ty=230
tr=4140
tc=6
exit=0
test=1
pen=1
Executing: add
********************
r0=0
r1=110
r2=90
r3=0
r4=0
r5=7
r6=0
r7=10
pc=13
sc=0
ex=0
tx=10
ty=230
tr=4230
tc=6
exit=0
test=1
pen=1
Executing: sub
********************
r0=0
r1=100
r2=90
r3=0
r4=0
r5=7
r6=0
r7=10
pc=14
sc=0
ex=0
tx=10
ty=230
tr=4230
tc=6
exit=0
test=1
pen=1
Executing: fwd
********************
r0=0
r1=100
r2=90
r3=0
r4=0
r5=7
r6=0
r7=10
pc=15
sc=0
ex=0
tx=10
ty=130
tr=4230
tc=6
exit=0
test=1
pen=1
Executing: add
********************
r0=0
r1=100
r2=90
r3=0
r4=0
r5=7
r6=0
r7=10
pc=16
sc=0
ex=0
tx=10
ty=130
tr=4320
tc=6
exit=0
test=1
pen=1
Executing: cmplt
********************
r0=0
r1=100
r2=90
r3=0
r4=0
r5=7
r6=0
r7=10
pc=17
sc=0
ex=0
tx=10
ty=130
tr=4320
tc=6
exit=0
test=1
pen=1
Executing: movi
********************
r0=0
r1=100
r2=90
r3=0
r4=0
r5=7
r6=0
r7=10
pc=18
sc=0
ex=0
tx=10
ty=130
tr=4320
tc=6
exit=0
test=1
pen=1
Executing: jt
********************
r0=0
r1=100
r2=90
r3=0
r4=0
r5=7
r6=0
r7=10
pc=7
sc=0
ex=0
tx=10
ty=130
tr=4320
tc=6
exit=0
test=1
pen=1
Executing: fwd
********************
r0=0
r1=100
r2=90
r3=0
r4=0
r5=7
r6=0
r7=10
pc=8
sc=0
ex=0
tx=110
ty=130
tr=4320
tc=6
exit=0
test=1
pen=1
Executing: add
********************
r0=0
r1=100
r2=90
r3=0
r4=0
r5=7
r6=0
r7=10
pc=9
sc=0
ex=0
tx=110
ty=130
tr=4410
tc=6
exit=0
test=1
pen=1
Executing: fwd
********************
r0=0
r1=100
r2=90
r3=0
r4=0
r5=7
r6=0
r7=10
pc=10
sc=0
ex=0
tx=110
ty=230
tr=4410
tc=6
exit=0
test=1
pen=1
Executing: add
********************
r0=0
r1=100
r2=90
r3=0
r4=0
r5=7
r6=0
r7=10
pc=11
sc=0
ex=0
tx=110
ty=230
tr=4500
tc=6
exit=0
test=1
pen=1
Executing: fwd
********************
r0=0
r1=100
r2=90
r3=0
r4=0
r5=7
r6=0
r7=10
pc=12
sc=0
ex=0
tx=10
ty=230
tr=4500
tc=6
exit=0
test=1
pen=1
Executing: add
********************
r0=0
r1=100
r2=90
r3=0
r4=0
r5=7
r6=0
r7=10
pc=13
sc=0
ex=0
tx=10
ty=230
tr=4590
tc=6
exit=0
test=1
pen=1
Executing: sub
********************
r0=0
r1=90
r2=90
r3=0
r4=0
r5=7
r6=0
r7=10
pc=14
sc=0
ex=0
tx=10
ty=230
tr=4590
tc=6
exit=0
test=1
pen=1
Executing: fwd
********************
r0=0
r1=90
r2=90
r3=0
r4=0
r5=7
r6=0
r7=10
pc=15
sc=0
ex=0
tx=10
ty=140
tr=4590
tc=6
exit=0
test=1
pen=1
Executing: add
********************
r0=0
r1=90
r2=90
r3=0
r4=0
r5=7
r6=0
r7=10
pc=16
sc=0
ex=0
tx=10
ty=140
tr=4680
tc=6
exit=0
test=1
pen=1
Executing: cmplt
********************
r0=0
r1=90
r2=90
r3=0
r4=0
r5=7
r6=0
r7=10
pc=17
sc=0
ex=0
tx=10
ty=140
tr=4680
tc=6
exit=0
test=1
pen=1
Executing: movi
********************
r0=0
r1=90
r2=90
r3=0
r4=0
r5=7
r6=0
r7=10
pc=18
sc=0
ex=0
tx=10
ty=140
tr=4680
tc=6
exit=0
test=1
pen=1
Executing: jt
********************
r0=0
r1=90
r2=90
r3=0
r4=0
r5=7
r6=0
r7=10
pc=7
sc=0
ex=0
tx=10
ty=140
tr=4680
tc=6
exit=0
test=1
pen=1
Executing: fwd
********************
r0=0
r1=90
r2=90
r3=0
r4=0
r5=7
r6=0
r7=10
pc=8
sc=0
ex=0
tx=100
ty=140
tr=4680
tc=6
exit=0
test=1
pen=1
Executing: add
********************
r0=0
r1=90
r2=90
r3=0
r4=0
r5=7
r6=0
r7=10
pc=9
sc=0
ex=0
tx=100
ty=140
tr=4770
tc=6
exit=0
test=1
pen=1
Executing: fwd
********************
r0=0
r1=90
r2=90
r3=0
r4=0
r5=7
r6=0
r7=10
pc=10
sc=0
ex=0
tx=100
ty=230
tr=4770
tc=6
exit=0
test=1
pen=1
Executing: add
********************
r0=0
r1=90
r2=90
r3=0
r4=0
r5=7
r6=0
r7=10
pc=11
sc=0
ex=0
tx=100
ty=230
tr=4860
tc=6
exit=0
test=1
pen=1
Executing: fwd
********************
r0=0
r1=90
r2=90
r3=0
r4=0
r5=7
r6=0
r7=10
pc=12
sc=0
ex=0
tx=10
ty=230
tr=4860
tc=6
exit=0
test=1
pen=1
Executing: add
********************
r0=0
r1=90
r2=90
r3=0
r4=0
r5=7
r6=0
r7=10
pc=13
sc=0
ex=0
tx=10
ty=230
tr=4950
tc=6
exit=0
test=1
pen=1
Executing: sub
********************
r0=0
r1=80
r2=90
r3=0
r4=0
r5=7
r6=0
r7=10
pc=14
sc=0
ex=0
tx=10
ty=230
tr=4950
tc=6
exit=0
test=1
pen=1
Executing: fwd
********************
r0=0
r1=80
r2=90
r3=0
r4=0
r5=7
r6=0
r7=10
pc=15
sc=0
ex=0
tx=10
ty=150
tr=4950
tc=6
exit=0
test=1
pen=1
Executing: add
********************
r0=0
r1=80
r2=90
r3=0
r4=0
r5=7
r6=0
r7=10
pc=16
sc=0
ex=0
tx=10
ty=150
tr=5040
tc=6
exit=0
test=1
pen=1
Executing: cmplt
********************
r0=0
r1=80
r2=90
r3=0
r4=0
r5=7
r6=0
r7=10
pc=17
sc=0
ex=0
tx=10
ty=150
tr=5040
tc=6
exit=0
test=1
pen=1
Executing: movi
********************
r0=0
r1=80
r2=90
r3=0
r4=0
r5=7
r6=0
r7=10
pc=18
sc=0
ex=0
tx=10
ty=150
tr=5040
tc=6
exit=0
test=1
pen=1
Executing: jt
********************
r0=0
r1=80
r2=90
r3=0
r4=0
r5=7
r6=0
r7=10
pc=7
sc=0
ex=0
tx=10
ty=150
tr=5040
tc=6
exit=0
test=1
pen=1
Executing: fwd
********************
r0=0
r1=80
r2=90
r3=0
r4=0
r5=7
r6=0
r7=10
pc=8
sc=0
ex=0
tx=90
ty=150
tr=5040
tc=6
exit=0
test=1
pen=1
Executing: add
********************
r0=0
r1=80
r2=90
r3=0
r4=0
r5=7
r6=0
r7=10
pc=9
sc=0
ex=0
tx=90
ty=150
tr=5130
tc=6
exit=0
test=1
pen=1
Executing: fwd
********************
r0=0
r1=80
r2=90
r3=0
r4=0
r5=7
r6=0
r7=10
pc=10
sc=0
ex=0
tx=90
ty=230
tr=5130
tc=6
exit=0
test=1
pen=1
Executing: add
********************
r0=0
r1=80
r2=90
r3=0
r4=0
r5=7
r6=0
r7=10
pc=11
sc=0
ex=0
tx=90
ty=230
tr=5220
tc=6
exit=0
test=1
pen=1
Executing: fwd
********************
r0=0
r1=80
r2=90
r3=0
r4=0
r5=7
r6=0
r7=10
pc=12
sc=0
ex=0
tx=10
ty=230
tr=5220
tc=6
exit=0
test=1
pen=1
Executing: add
********************
r0=0
r1=80
r2=90
r3=0
r4=0
r5=7
r6=0
r7=10
pc=13
sc=0
ex=0
tx=10
ty=230
tr=5310
tc=6
exit=0
test=1
pen=1
Executing: sub
********************
r0=0
r1=70
r2=90
r3=0
r4=0
r5=7
r6=0
r7=10
pc=14
sc=0
ex=0
tx=10
ty=230
tr=5310
tc=6
exit=0
test=1
pen=1
Executing: fwd
********************
r0=0
r1=70
r2=90
r3=0
r4=0
r5=7
r6=0
r7=10
pc=15
sc=0
ex=0
tx=10
ty=160
tr=5310
tc=6
exit=0
test=1
pen=1
Executing: add
********************
r0=0
r1=70
r2=90
r3=0
r4=0
r5=7
r6=0
r7=10
pc=16
sc=0
ex=0
tx=10
ty=160
tr=5400
tc=6
exit=0
test=1
pen=1
Executing: cmplt
********************
r0=0
r1=70
r2=90
r3=0
r4=0
r5=7
r6=0
r7=10
pc=17
sc=0
ex=0
tx=10
ty=160
tr=5400
tc=6
exit=0
test=1
pen=1
Executing: movi
********************
r0=0
r1=70
r2=90
r3=0
r4=0
r5=7
r6=0
r7=10
pc=18
sc=0
ex=0
tx=10
ty=160
tr=5400
tc=6
exit=0
test=1
pen=1
Executing: jt
********************
r0=0
r1=70
r2=90
r3=0
r4=0
r5=7
r6=0
r7=10
pc=7
sc=0
ex=0
tx=10
ty=160
tr=5400
tc=6
exit=0
test=1
pen=1
Executing: fwd
********************
r0=0
r1=70
r2=90
r3=0
r4=0
r5=7
r6=0
r7=10
pc=8
sc=0
ex=0
tx=80
ty=160
tr=5400
tc=6
exit=0
test=1
pen=1
Executing: add
********************
r0=0
r1=70
r2=90
r3=0
r4=0
r5=7
r6=0
r7=10
pc=9
sc=0
ex=0
tx=80
ty=160
tr=5490
tc=6
exit=0
test=1
pen=1
Executing: fwd
********************
r0=0
r1=70
r2=90
r3=0
r4=0
r5=7
r6=0
r7=10
pc=10
sc=0
ex=0
tx=80
ty=230
tr=5490
tc=6
exit=0
test=1
pen=1
Executing: add
********************
r0=0
r1=70
r2=90
r3=0
r4=0
r5=7
r6=0
r7=10
pc=11
sc=0
ex=0
tx=80
ty=230
tr=5580
tc=6
exit=0
test=1
pen=1
Executing: fwd
********************
r0=0
r1=70
r2=90
r3=0
r4=0
r5=7
r6=0
r7=10
pc=12
sc=0
ex=0
tx=10
ty=230
tr=5580
tc=6
exit=0
test=1
pen=1
Executing: add
********************
r0=0
r1=70
r2=90
r3=0
r4=0
r5=7
r6=0
r7=10
pc=13
sc=0
ex=0
tx=10
ty=230
tr=5670
tc=6
exit=0
test=1
pen=1
Executing: sub
********************
r0=0
r1=60
r2=90
r3=0
r4=0
r5=7
r6=0
r7=10
pc=14
sc=0
ex=0
tx=10
ty=230
tr=5670
tc=6
exit=0
test=1
pen=1
Executing: fwd
********************
r0=0
r1=60
r2=90
r3=0
r4=0
r5=7
r6=0
r7=10
pc=15
sc=0
ex=0
tx=10
ty=170
tr=5670
tc=6
exit=0
test=1
pen=1
Executing: add
********************
r0=0
r1=60
r2=90
r3=0
r4=0
r5=7
r6=0
r7=10
pc=16
sc=0
ex=0
tx=10
ty=170
tr=5760
tc=6
exit=0
test=1
pen=1
Executing: cmplt
********************
r0=0
r1=60
r2=90
r3=0
r4=0
r5=7
r6=0
r7=10
pc=17
sc=0
ex=0
tx=10
ty=170
tr=5760
tc=6
exit=0
test=1
pen=1
Executing: movi
********************
r0=0
r1=60
r2=90
r3=0
r4=0
r5=7
r6=0
r7=10
pc=18
sc=0
ex=0
tx=10
ty=170
tr=5760
tc=6
exit=0
test=1
pen=1
Executing: jt
********************
r0=0
r1=60
r2=90
r3=0
r4=0
r5=7
r6=0
r7=10
pc=7
sc=0
ex=0
tx=10
ty=170
tr=5760
tc=6
exit=0
test=1
pen=1
Executing: fwd
********************
r0=0
r1=60
r2=90
r3=0
r4=0
r5=7
r6=0
r7=10
pc=8
sc=0
ex=0
tx=70
ty=170
tr=5760
tc=6
exit=0
test=1
pen=1
Executing: add
********************
r0=0
r1=60
r2=90
r3=0
r4=0
r5=7
r6=0
r7=10
pc=9
sc=0
ex=0
tx=70
ty=170
tr=5850
tc=6
exit=0
test=1
pen=1
Executing: fwd
********************
r0=0
r1=60
r2=90
r3=0
r4=0
r5=7
r6=0
r7=10
pc=10
sc=0
ex=0
tx=70
ty=230
tr=5850
tc=6
exit=0
test=1
pen=1
Executing: add
********************
r0=0
r1=60
r2=90
r3=0
r4=0
r5=7
r6=0
r7=10
pc=11
sc=0
ex=0
tx=70
ty=230
tr=5940
tc=6
exit=0
test=1
pen=1
Executing: fwd
********************
r0=0
r1=60
r2=90
r3=0
r4=0
r5=7
r6=0
r7=10
pc=12
sc=0
ex=0
tx=10
ty=230
tr=5940
tc=6
exit=0
test=1
pen=1
Executing: add
********************
r0=0
r1=60
r2=90
r3=0
r4=0
r5=7
r6=0
r7=10
pc=13
sc=0
ex=0
tx=10
ty=230
tr=6030
tc=6
exit=0
test=1
pen=1
Executing: sub
********************
r0=0
r1=50
r2=90
r3=0
r4=0
r5=7
r6=0
r7=10
pc=14
sc=0
ex=0
tx=10
ty=230
tr=6030
tc=6
exit=0
test=1
pen=1
Executing: fwd
********************
r0=0
r1=50
r2=90
r3=0
r4=0
r5=7
r6=0
r7=10
pc=15
sc=0
ex=0
tx=10
ty=180
tr=6030
tc=6
exit=0
test=1
pen=1
Executing: add
********************
r0=0
r1=50
r2=90
r3=0
r4=0
r5=7
r6=0
r7=10
pc=16
sc=0
ex=0
tx=10
ty=180
tr=6120
tc=6
exit=0
test=1
pen=1
Executing: cmplt
********************
r0=0
r1=50
r2=90
r3=0
r4=0
r5=7
r6=0
r7=10
pc=17
sc=0
ex=0
tx=10
ty=180
tr=6120
tc=6
exit=0
test=1
pen=1
Executing: movi
********************
r0=0
r1=50
r2=90
r3=0
r4=0
r5=7
r6=0
r7=10
pc=18
sc=0
ex=0
tx=10
ty=180
tr=6120
tc=6
exit=0
test=1
pen=1
Executing: jt
********************
r0=0
r1=50
r2=90
r3=0
r4=0
r5=7
r6=0
r7=10
pc=7
sc=0
ex=0
tx=10
ty=180
tr=6120
tc=6
exit=0
test=1
pen=1
Executing: fwd
********************
r0=0
r1=50
r2=90
r3=0
r4=0
r5=7
r6=0
r7=10
pc=8
sc=0
ex=0
tx=60
ty=180
tr=6120
tc=6
exit=0
test=1
pen=1
Executing: add
********************
r0=0
r1=50
r2=90
r3=0
r4=0
r5=7
r6=0
r7=10
pc=9
sc=0
ex=0
tx=60
ty=180
tr=6210
tc=6
exit=0
test=1
pen=1
Executing: fwd
********************
r0=0
r1=50
r2=90
r3=0
r4=0
r5=7
r6=0
r7=10
pc=10
sc=0
ex=0
tx=60
ty=230
tr=6210
tc=6
exit=0
test=1
pen=1
Executing: add
********************
r0=0
r1=50
r2=90
r3=0
r4=0
r5=7
r6=0
r7=10
pc=11
sc=0
ex=0
tx=60
ty=230
tr=6300
tc=6
exit=0
test=1
pen=1
Executing: fwd
********************
r0=0
r1=50
r2=90
r3=0
r4=0
r5=7
r6=0
r7=10
pc=12
sc=0
ex=0
tx=10
ty=230
tr=6300
tc=6
exit=0
test=1
pen=1
Executing: add
********************
r0=0
r1=50
r2=90
r3=0
r4=0
r5=7
r6=0
r7=10
pc=13
sc=0
ex=0
tx=10
ty=230
tr=6390
tc=6
exit=0
test=1
pen=1
Executing: sub
********************
r0=0
r1=40
r2=90
r3=0
r4=0
r5=7
r6=0
r7=10
pc=14
sc=0
ex=0
tx=10
ty=230
tr=6390
tc=6
exit=0
test=1
pen=1
Executing: fwd
********************
r0=0
r1=40
r2=90
r3=0
r4=0
r5=7
r6=0
r7=10
pc=15
sc=0
ex=0
tx=10
ty=190
tr=6390
tc=6
exit=0
test=1
pen=1
Executing: add
********************
r0=0
r1=40
r2=90
r3=0
r4=0
r5=7
r6=0
r7=10
pc=16
sc=0
ex=0
tx=10
ty=190
tr=6480
tc=6
exit=0
test=1
pen=1
Executing: cmplt
********************
r0=0
r1=40
r2=90
r3=0
r4=0
r5=7
r6=0
r7=10
pc=17
sc=0
ex=0
tx=10
ty=190
tr=6480
tc=6
exit=0
test=1
pen=1
Executing: movi
********************
r0=0
r1=40
r2=90
r3=0
r4=0
r5=7
r6=0
r7=10
pc=18
sc=0
ex=0
tx=10
ty=190
tr=6480
tc=6
exit=0
test=1
pen=1
Executing: jt
********************
r0=0
r1=40
r2=90
r3=0
r4=0
r5=7
r6=0
r7=10
pc=7
sc=0
ex=0
tx=10
ty=190
tr=6480
tc=6
exit=0
test=1
pen=1
Executing: fwd
********************
r0=0
r1=40
r2=90
r3=0
r4=0
r5=7
r6=0
r7=10
pc=8
sc=0
ex=0
tx=50
ty=190
tr=6480
tc=6
exit=0
test=1
pen=1
Executing: add
********************
r0=0
r1=40
r2=90
r3=0
r4=0
r5=7
r6=0
r7=10
pc=9
sc=0
ex=0
tx=50
ty=190
tr=6570
tc=6
exit=0
test=1
pen=1
Executing: fwd
********************
r0=0
r1=40
r2=90
r3=0
r4=0
r5=7
r6=0
r7=10
pc=10
sc=0
ex=0
tx=50
ty=230
tr=6570
tc=6
exit=0
test=1
pen=1
Executing: add
********************
r0=0
r1=40
r2=90
r3=0
r4=0
r5=7
r6=0
r7=10
pc=11
sc=0
ex=0
tx=50
ty=230
tr=6660
tc=6
exit=0
test=1
pen=1
Executing: fwd
********************
r0=0
r1=40
r2=90
r3=0
r4=0
r5=7
r6=0
r7=10
pc=12
sc=0
ex=0
tx=10
ty=230
tr=6660
tc=6
exit=0
test=1
pen=1
Executing: add
********************
r0=0
r1=40
r2=90
r3=0
r4=0
r5=7
r6=0
r7=10
pc=13
sc=0
ex=0
tx=10
ty=230
tr=6750
tc=6
exit=0
test=1
pen=1
Executing: sub
********************
r0=0
r1=30
r2=90
r3=0
r4=0
r5=7
r6=0
r7=10
pc=14
sc=0
ex=0
tx=10
ty=230
tr=6750
tc=6
exit=0
test=1
pen=1
Executing: fwd
********************
r0=0
r1=30
r2=90
r3=0
r4=0
r5=7
r6=0
r7=10
pc=15
sc=0
ex=0
tx=10
ty=200
tr=6750
tc=6
exit=0
test=1
pen=1
Executing: add
********************
r0=0
r1=30
r2=90
r3=0
r4=0
r5=7
r6=0
r7=10
pc=16
sc=0
ex=0
tx=10
ty=200
tr=6840
tc=6
exit=0
test=1
pen=1
Executing: cmplt
********************
r0=0
r1=30
r2=90
r3=0
r4=0
r5=7
r6=0
r7=10
pc=17
sc=0
ex=0
tx=10
ty=200
tr=6840
tc=6
exit=0
test=1
pen=1
Executing: movi
********************
r0=0
r1=30
r2=90
r3=0
r4=0
r5=7
r6=0
r7=10
pc=18
sc=0
ex=0
tx=10
ty=200
tr=6840
tc=6
exit=0
test=1
pen=1
Executing: jt
********************
r0=0
r1=30
r2=90
r3=0
r4=0
r5=7
r6=0
r7=10
pc=7
sc=0
ex=0
tx=10
ty=200
tr=6840
tc=6
exit=0
test=1
pen=1
Executing: fwd
********************
r0=0
r1=30
r2=90
r3=0
r4=0
r5=7
r6=0
r7=10
pc=8
sc=0
ex=0
tx=40
ty=200
tr=6840
tc=6
exit=0
test=1
pen=1
Executing: add
********************
r0=0
r1=30
r2=90
r3=0
r4=0
r5=7
r6=0
r7=10
pc=9
sc=0
ex=0
tx=40
ty=200
tr=6930
tc=6
exit=0
test=1
pen=1
Executing: fwd
********************
r0=0
r1=30
r2=90
r3=0
r4=0
r5=7
r6=0
r7=10
pc=10
sc=0
ex=0
tx=40
ty=230
tr=6930
tc=6
exit=0
test=1
pen=1
Executing: add
********************
r0=0
r1=30
r2=90
r3=0
r4=0
r5=7
r6=0
r7=10
pc=11
sc=0
ex=0
tx=40
ty=230
tr=7020
tc=6
exit=0
test=1
pen=1
Executing: fwd
********************
r0=0
r1=30
r2=90
r3=0
r4=0
r5=7
r6=0
r7=10
pc=12
sc=0
ex=0
tx=10
ty=230
tr=7020
tc=6
exit=0
test=1
pen=1
Executing: add
********************
r0=0
r1=30
r2=90
r3=0
r4=0
r5=7
r6=0
r7=10
pc=13
sc=0
ex=0
tx=10
ty=230
tr=7110
tc=6
exit=0
test=1
pen=1
Executing: sub
********************
r0=0
r1=20
r2=90
r3=0
r4=0
r5=7
r6=0
r7=10
pc=14
sc=0
ex=0
tx=10
ty=230
tr=7110
tc=6
exit=0
test=1
pen=1
Executing: fwd
********************
r0=0
r1=20
r2=90
r3=0
r4=0
r5=7
r6=0
r7=10
pc=15
sc=0
ex=0
tx=10
ty=210
tr=7110
tc=6
exit=0
test=1
pen=1
Executing: add
********************
r0=0
r1=20
r2=90
r3=0
r4=0
r5=7
r6=0
r7=10
pc=16
sc=0
ex=0
tx=10
ty=210
tr=7200
tc=6
exit=0
test=1
pen=1
Executing: cmplt
********************
r0=0
r1=20
r2=90
r3=0
r4=0
r5=7
r6=0
r7=10
pc=17
sc=0
ex=0
tx=10
ty=210
tr=7200
tc=6
exit=0
test=1
pen=1
Executing: movi
********************
r0=0
r1=20
r2=90
r3=0
r4=0
r5=7
r6=0
r7=10
pc=18
sc=0
ex=0
tx=10
ty=210
tr=7200
tc=6
exit=0
test=1
pen=1
Executing: jt
********************
r0=0
r1=20
r2=90
r3=0
r4=0
r5=7
r6=0
r7=10
pc=7
sc=0
ex=0
tx=10
ty=210
tr=7200
tc=6
exit=0
test=1
pen=1
Executing: fwd
********************
r0=0
r1=20
r2=90
r3=0
r4=0
r5=7
r6=0
r7=10
pc=8
sc=0
ex=0
tx=30
ty=210
tr=7200
tc=6
exit=0
test=1
pen=1
Executing: add
********************
r0=0
r1=20
r2=90
r3=0
r4=0
r5=7
r6=0
r7=10
pc=9
sc=0
ex=0
tx=30
ty=210
tr=7290
tc=6
exit=0
test=1
pen=1
Executing: fwd
********************
r0=0
r1=20
r2=90
r3=0
r4=0
r5=7
r6=0
r7=10
pc=10
sc=0
ex=0
tx=30
ty=230
tr=7290
tc=6
exit=0
test=1
pen=1
Executing: add
********************
r0=0
r1=20
r2=90
r3=0
r4=0
r5=7
r6=0
r7=10
pc=11
sc=0
ex=0
tx=30
ty=230
tr=7380
tc=6
exit=0
test=1
pen=1
Executing: fwd
********************
r0=0
r1=20
r2=90
r3=0
r4=0
r5=7
r6=0
r7=10
pc=12
sc=0
ex=0
tx=10
ty=230
tr=7380
tc=6
exit=0
test=1
pen=1
Executing: add
********************
r0=0
r1=20
r2=90
r3=0
r4=0
r5=7
r6=0
r7=10
pc=13
sc=0
ex=0
tx=10
ty=230
tr=7470
tc=6
exit=0
test=1
pen=1
Executing: sub
********************
r0=0
r1=10
r2=90
r3=0
r4=0
r5=7
r6=0
r7=10
pc=14
sc=0
ex=0
tx=10
ty=230
tr=7470
tc=6
exit=0
test=1
pen=1
Executing: fwd
********************
r0=0
r1=10
r2=90
r3=0
r4=0
r5=7
r6=0
r7=10
pc=15
sc=0
ex=0
tx=10
ty=220
tr=7470
tc=6
exit=0
test=1
pen=1
Executing: add
********************
r0=0
r1=10
r2=90
r3=0
r4=0
r5=7
r6=0
r7=10
pc=16
sc=0
ex=0
tx=10
ty=220
tr=7560
tc=6
exit=0
test=1
pen=1
Executing: cmplt
********************
r0=0
r1=10
r2=90
r3=0
r4=0
r5=7
r6=0
r7=10
pc=17
sc=0
ex=0
tx=10
ty=220
tr=7560
tc=6
exit=0
test=0
pen=1
Executing: movi
********************
r0=0
r1=10
r2=90
r3=0
r4=0
r5=7
r6=0
r7=10
pc=18
sc=0
ex=0
tx=10
ty=220
tr=7560
tc=6
exit=0
test=0
pen=1
Executing: jt
********************
r0=0
r1=10
r2=90
r3=0
r4=0
r5=7
r6=0
r7=10
pc=19
sc=0
ex=0
tx=10
ty=220
tr=7560
tc=6
exit=0
test=0
pen=1
Executing: exit
********************
r0=0
r1=10
r2=90
r3=0
r4=0
r5=7
r6=0
r7=10
pc=20
sc=0
ex=0
tx=10
ty=220
tr=7560
tc=6
exit=1
test=0
pen=1
