********************
r0=0
r1=0
r2=0
r3=0
r4=0
r5=0
r6=0
r7=0
pc=0
sc=0
ex=0
tx=0
ty=0
tr=0
tc=0
exit=0
test=0
pen=0
Executing: movi
********************
r0=0
r1=0
r2=0
r3=0
r4=0
r5=0
r6=0
r7=0
pc=1
sc=0
ex=0
tx=20
ty=0
tr=0
tc=0
exit=0
test=0
pen=0
Executing: movi
********************
r0=0
r1=0
r2=0
r3=0
r4=0
r5=0
r6=0
r7=0
pc=2
sc=0
ex=0
tx=20
ty=50
tr=0
tc=0
exit=0
test=0
pen=0
Executing: pendown
********************
r0=0
r1=0
r2=0
r3=0
r4=0
r5=0
r6=0
r7=0
pc=3
sc=0
ex=0
tx=20
ty=50
tr=0
tc=0
exit=0
test=0
pen=1
Executing: movi
********************
r0=0
r1=0
r2=0
r3=200
r4=0
r5=0
r6=0
r7=0
pc=4
sc=0
ex=0
tx=20
ty=50
tr=0
tc=0
exit=0
test=0
pen=1
Executing: fwd
********************
r0=0
r1=0
r2=0
r3=200
r4=0
r5=0
r6=0
r7=0
pc=5
sc=0
ex=0
tx=220
ty=50
tr=0
tc=0
exit=0
test=0
pen=1
Executing: movi
********************
r0=0
r1=0
r2=0
r3=200
r4=0
r5=0
r6=0
r7=0
pc=6
sc=0
ex=0
tx=220
ty=50
tr=90
tc=0
exit=0
test=0
pen=1
Executing: movi
********************
r0=0
r1=0
r2=0
r3=200
r4=100
r5=0
r6=0
r7=0
pc=7
sc=0
ex=0
tx=220
ty=50
tr=90
tc=0
exit=0
test=0
pen=1
Executing: fwd
********************
r0=0
r1=0
r2=0
r3=200
r4=100
r5=0
r6=0
r7=0
pc=8
sc=0
ex=0
tx=220
ty=150
tr=90
tc=0
exit=0
test=0
pen=1
Executing: movi
********************
r0=0
r1=0
r2=0
r3=200
r4=100
r5=0
r6=0
r7=90
pc=9
sc=0
ex=0
tx=220
ty=150
tr=90
tc=0
exit=0
test=0
pen=1
Executing: add
********************
r0=0
r1=0
r2=0
r3=200
r4=100
r5=0
r6=0
r7=90
pc=10
sc=0
ex=0
tx=220
ty=150
tr=180
tc=0
exit=0
test=0
pen=1
Executing: penup
********************
r0=0
r1=0
r2=0
r3=200
r4=100
r5=0
r6=0
r7=90
pc=11
sc=0
ex=0
tx=220
ty=150
tr=180
tc=0
exit=0
test=0
pen=0
Executing: movi
********************
r0=0
r1=0
r2=0
r3=200
r4=100
r5=100
r6=0
r7=90
pc=12
sc=0
ex=0
tx=220
ty=150
tr=180
tc=0
exit=0
test=0
pen=0
Executing: fwd
********************
r0=0
r1=0
r2=0
r3=200
r4=100
r5=100
r6=0
r7=90
pc=13
sc=0
ex=0
tx=120
ty=150
tr=180
tc=0
exit=0
test=0
pen=0
Executing: add
********************
r0=0
r1=0
r2=0
r3=200
r4=100
r5=100
r6=0
r7=90
pc=14
sc=0
ex=0
tx=120
ty=150
tr=270
tc=0
exit=0
test=0
pen=0
Executing: pendown
********************
r0=0
r1=0
r2=0
r3=200
r4=100
r5=100
r6=0
r7=90
pc=15
sc=0
ex=0
tx=120
ty=150
tr=270
tc=0
exit=0
test=0
pen=1
Executing: movi
********************
r0=0
r1=0
r2=0
r3=25
r4=100
r5=100
r6=0
r7=90
pc=16
sc=0
ex=0
tx=120
ty=150
tr=270
tc=0
exit=0
test=0
pen=1
Executing: back
********************
r0=0
r1=0
r2=0
r3=25
r4=100
r5=100
r6=0
r7=90
pc=17
sc=0
ex=0
tx=120
ty=175
tr=270
tc=0
exit=0
test=0
pen=1
Executing: exit
********************
r0=0
r1=0
r2=0
r3=25
r4=100
r5=100
r6=0
r7=90
pc=18
sc=0
ex=0
tx=120
ty=175
tr=270
tc=0
exit=1
test=0
pen=1
