********************
r0=0
r1=0
r2=0
r3=0
r4=0
r5=0
r6=0
r7=0
pc=0
sc=0
ex=0
tx=0
ty=0
tr=0
tc=0
exit=0
test=0
pen=0
Executing: movi
********************
r0=0
r1=17
r2=0
r3=0
r4=0
r5=0
r6=0
r7=0
pc=1
sc=0
ex=0
tx=0
ty=0
tr=0
tc=0
exit=0
test=0
pen=0
Executing: storesc
********************
r0=0
r1=17
r2=0
r3=0
r4=0
r5=0
r6=0
r7=0
pc=2
sc=0
ex=100
tx=0
ty=0
tr=0
tc=0
exit=1
test=0
pen=0
