********************
r0=0
r1=0
r2=0
r3=0
r4=0
r5=0
r6=0
r7=0
pc=0
sc=0
ex=0
tx=0
ty=0
tr=0
tc=0
exit=0
test=0
pen=0
Executing: movi
********************
r0=0
r1=2147483647
r2=0
r3=0
r4=0
r5=0
r6=0
r7=0
pc=1
sc=0
ex=0
tx=0
ty=0
tr=0
tc=0
exit=0
test=0
pen=0
Executing: movi
********************
r0=0
r1=2147483647
r2=100
r3=0
r4=0
r5=0
r6=0
r7=0
pc=2
sc=0
ex=0
tx=0
ty=0
tr=0
tc=0
exit=0
test=0
pen=0
Executing: add
********************
r0=0
r1=2147483647
r2=100
r3=-2147483549
r4=0
r5=0
r6=0
r7=0
pc=3
sc=0
ex=12
tx=0
ty=0
tr=0
tc=0
exit=0
test=0
pen=0
Executing: movi
********************
r0=0
r1=2147483647
r2=100
r3=-2147483549
r4=0
r5=0
r6=0
r7=0
pc=4
sc=0
ex=0
tx=0
ty=0
tr=0
tc=0
exit=0
test=0
pen=0
Executing: mul
********************
r0=0
r1=2147483647
r2=100
r3=-100
r4=0
r5=0
r6=0
r7=0
pc=5
sc=0
ex=12
tx=0
ty=0
tr=0
tc=0
exit=0
test=0
pen=0
Executing: movi
********************
r0=0
r1=2147483647
r2=100
r3=-100
r4=0
r5=0
r6=0
r7=0
pc=6
sc=0
ex=0
tx=0
ty=0
tr=0
tc=0
exit=0
test=0
pen=0
Executing: movi
********************
r0=0
r1=2147483647
r2=-365
r3=-100
r4=0
r5=0
r6=0
r7=0
pc=7
sc=0
ex=0
tx=0
ty=0
tr=0
tc=0
exit=0
test=0
pen=0
Executing: sub
********************
r0=0
r1=2147483647
r2=-365
r3=2147483284
r4=0
r5=0
r6=0
r7=0
pc=8
sc=0
ex=13
tx=0
ty=0
tr=0
tc=0
exit=0
test=0
pen=0
Executing: movi
********************
r0=0
r1=2147483647
r2=-365
r3=2147483284
r4=0
r5=0
r6=0
r7=0
pc=9
sc=0
ex=0
tx=0
ty=0
tr=0
tc=0
exit=0
test=0
pen=0
Executing: exit
********************
r0=0
r1=2147483647
r2=-365
r3=2147483284
r4=0
r5=0
r6=0
r7=0
pc=10
sc=0
ex=0
tx=0
ty=0
tr=0
tc=0
exit=1
test=0
pen=0
