********************
r0=0
r1=0
r2=0
r3=0
r4=0
r5=0
r6=0
r7=0
pc=0
sc=0
ex=0
tx=0
ty=0
tr=0
tc=0
exit=0
test=0
pen=0
Executing: movi
********************
r0=0
r1=0
r2=0
r3=0
r4=0
r5=0
r6=0
r7=10
pc=1
sc=0
ex=0
tx=0
ty=0
tr=0
tc=0
exit=0
test=0
pen=0
Executing: mov
********************
r0=0
r1=0
r2=0
r3=0
r4=0
r5=0
r6=0
r7=10
pc=2
sc=0
ex=0
tx=0
ty=0
tr=0
tc=0
exit=0
test=0
pen=0
Executing: push
********************
r0=0
r1=0
r2=0
r3=0
r4=0
r5=0
r6=0
r7=10
pc=3
sc=1
ex=0
tx=0
ty=0
tr=0
tc=0
exit=0
test=0
pen=0
Executing: inc
********************
r0=0
r1=0
r2=0
r3=0
r4=0
r5=0
r6=1
r7=10
pc=4
sc=1
ex=0
tx=0
ty=0
tr=0
tc=0
exit=0
test=0
pen=0
Executing: cmplt
********************
r0=0
r1=0
r2=0
r3=0
r4=0
r5=0
r6=1
r7=10
pc=5
sc=1
ex=0
tx=0
ty=0
tr=0
tc=0
exit=0
test=1
pen=0
Executing: movi
********************
r0=0
r1=0
r2=0
r3=0
r4=0
r5=2
r6=1
r7=10
pc=6
sc=1
ex=0
tx=0
ty=0
tr=0
tc=0
exit=0
test=1
pen=0
Executing: jt
********************
r0=0
r1=0
r2=0
r3=0
r4=0
r5=2
r6=1
r7=10
pc=2
sc=1
ex=0
tx=0
ty=0
tr=0
tc=0
exit=0
test=1
pen=0
Executing: push
********************
r0=0
r1=0
r2=0
r3=0
r4=0
r5=2
r6=1
r7=10
pc=3
sc=2
ex=0
tx=0
ty=0
tr=0
tc=0
exit=0
test=1
pen=0
Executing: inc
********************
r0=0
r1=0
r2=0
r3=0
r4=0
r5=2
r6=2
r7=10
pc=4
sc=2
ex=0
tx=0
ty=0
tr=0
tc=0
exit=0
test=1
pen=0
Executing: cmplt
********************
r0=0
r1=0
r2=0
r3=0
r4=0
r5=2
r6=2
r7=10
pc=5
sc=2
ex=0
tx=0
ty=0
tr=0
tc=0
exit=0
test=1
pen=0
Executing: movi
********************
r0=0
r1=0
r2=0
r3=0
r4=0
r5=2
r6=2
r7=10
pc=6
sc=2
ex=0
tx=0
ty=0
tr=0
tc=0
exit=0
test=1
pen=0
Executing: jt
********************
r0=0
r1=0
r2=0
r3=0
r4=0
r5=2
r6=2
r7=10
pc=2
sc=2
ex=0
tx=0
ty=0
tr=0
tc=0
exit=0
test=1
pen=0
Executing: push
********************
r0=0
r1=0
r2=0
r3=0
r4=0
r5=2
r6=2
r7=10
pc=3
sc=3
ex=0
tx=0
ty=0
tr=0
tc=0
exit=0
test=1
pen=0
Executing: inc
********************
r0=0
r1=0
r2=0
r3=0
r4=0
r5=2
r6=3
r7=10
pc=4
sc=3
ex=0
tx=0
ty=0
tr=0
tc=0
exit=0
test=1
pen=0
Executing: cmplt
********************
r0=0
r1=0
r2=0
r3=0
r4=0
r5=2
r6=3
r7=10
pc=5
sc=3
ex=0
tx=0
ty=0
tr=0
tc=0
exit=0
test=1
pen=0
Executing: movi
********************
r0=0
r1=0
r2=0
r3=0
r4=0
r5=2
r6=3
r7=10
pc=6
sc=3
ex=0
tx=0
ty=0
tr=0
tc=0
exit=0
test=1
pen=0
Executing: jt
********************
r0=0
r1=0
r2=0
r3=0
r4=0
r5=2
r6=3
r7=10
pc=2
sc=3
ex=0
tx=0
ty=0
tr=0
tc=0
exit=0
test=1
pen=0
Executing: push
********************
r0=0
r1=0
r2=0
r3=0
r4=0
r5=2
r6=3
r7=10
pc=3
sc=4
ex=0
tx=0
ty=0
tr=0
tc=0
exit=0
test=1
pen=0
Executing: inc
********************
r0=0
r1=0
r2=0
r3=0
r4=0
r5=2
r6=4
r7=10
pc=4
sc=4
ex=0
tx=0
ty=0
tr=0
tc=0
exit=0
test=1
pen=0
Executing: cmplt
********************
r0=0
r1=0
r2=0
r3=0
r4=0
r5=2
r6=4
r7=10
pc=5
sc=4
ex=0
tx=0
ty=0
tr=0
tc=0
exit=0
test=1
pen=0
Executing: movi
********************
r0=0
r1=0
r2=0
r3=0
r4=0
r5=2
r6=4
r7=10
pc=6
sc=4
ex=0
tx=0
ty=0
tr=0
tc=0
exit=0
test=1
pen=0
Executing: jt
********************
r0=0
r1=0
r2=0
r3=0
r4=0
r5=2
r6=4
r7=10
pc=2
sc=4
ex=0
tx=0
ty=0
tr=0
tc=0
exit=0
test=1
pen=0
Executing: push
********************
r0=0
r1=0
r2=0
r3=0
r4=0
r5=2
r6=4
r7=10
pc=3
sc=5
ex=0
tx=0
ty=0
tr=0
tc=0
exit=0
test=1
pen=0
Executing: inc
********************
r0=0
r1=0
r2=0
r3=0
r4=0
r5=2
r6=5
r7=10
pc=4
sc=5
ex=0
tx=0
ty=0
tr=0
tc=0
exit=0
test=1
pen=0
Executing: cmplt
********************
r0=0
r1=0
r2=0
r3=0
r4=0
r5=2
r6=5
r7=10
pc=5
sc=5
ex=0
tx=0
ty=0
tr=0
tc=0
exit=0
test=1
pen=0
Executing: movi
********************
r0=0
r1=0
r2=0
r3=0
r4=0
r5=2
r6=5
r7=10
pc=6
sc=5
ex=0
tx=0
ty=0
tr=0
tc=0
exit=0
test=1
pen=0
Executing: jt
********************
r0=0
r1=0
r2=0
r3=0
r4=0
r5=2
r6=5
r7=10
pc=2
sc=5
ex=0
tx=0
ty=0
tr=0
tc=0
exit=0
test=1
pen=0
Executing: push
********************
r0=0
r1=0
r2=0
r3=0
r4=0
r5=2
r6=5
r7=10
pc=3
sc=6
ex=0
tx=0
ty=0
tr=0
tc=0
exit=0
test=1
pen=0
Executing: inc
********************
r0=0
r1=0
r2=0
r3=0
r4=0
r5=2
r6=6
r7=10
pc=4
sc=6
ex=0
tx=0
ty=0
tr=0
tc=0
exit=0
test=1
pen=0
Executing: cmplt
********************
r0=0
r1=0
r2=0
r3=0
r4=0
r5=2
r6=6
r7=10
pc=5
sc=6
ex=0
tx=0
ty=0
tr=0
tc=0
exit=0
test=1
pen=0
Executing: movi
********************
r0=0
r1=0
r2=0
r3=0
r4=0
r5=2
r6=6
r7=10
pc=6
sc=6
ex=0
tx=0
ty=0
tr=0
tc=0
exit=0
test=1
pen=0
Executing: jt
********************
r0=0
r1=0
r2=0
r3=0
r4=0
r5=2
r6=6
r7=10
pc=2
sc=6
ex=0
tx=0
ty=0
tr=0
tc=0
exit=0
test=1
pen=0
Executing: push
********************
r0=0
r1=0
r2=0
r3=0
r4=0
r5=2
r6=6
r7=10
pc=3
sc=7
ex=0
tx=0
ty=0
tr=0
tc=0
exit=0
test=1
pen=0
Executing: inc
********************
r0=0
r1=0
r2=0
r3=0
r4=0
r5=2
r6=7
r7=10
pc=4
sc=7
ex=0
tx=0
ty=0
tr=0
tc=0
exit=0
test=1
pen=0
Executing: cmplt
********************
r0=0
r1=0
r2=0
r3=0
r4=0
r5=2
r6=7
r7=10
pc=5
sc=7
ex=0
tx=0
ty=0
tr=0
tc=0
exit=0
test=1
pen=0
Executing: movi
********************
r0=0
r1=0
r2=0
r3=0
r4=0
r5=2
r6=7
r7=10
pc=6
sc=7
ex=0
tx=0
ty=0
tr=0
tc=0
exit=0
test=1
pen=0
Executing: jt
********************
r0=0
r1=0
r2=0
r3=0
r4=0
r5=2
r6=7
r7=10
pc=2
sc=7
ex=0
tx=0
ty=0
tr=0
tc=0
exit=0
test=1
pen=0
Executing: push
********************
r0=0
r1=0
r2=0
r3=0
r4=0
r5=2
r6=7
r7=10
pc=3
sc=8
ex=0
tx=0
ty=0
tr=0
tc=0
exit=0
test=1
pen=0
Executing: inc
********************
r0=0
r1=0
r2=0
r3=0
r4=0
r5=2
r6=8
r7=10
pc=4
sc=8
ex=0
tx=0
ty=0
tr=0
tc=0
exit=0
test=1
pen=0
Executing: cmplt
********************
r0=0
r1=0
r2=0
r3=0
r4=0
r5=2
r6=8
r7=10
pc=5
sc=8
ex=0
tx=0
ty=0
tr=0
tc=0
exit=0
test=1
pen=0
Executing: movi
********************
r0=0
r1=0
r2=0
r3=0
r4=0
r5=2
r6=8
r7=10
pc=6
sc=8
ex=0
tx=0
ty=0
tr=0
tc=0
exit=0
test=1
pen=0
Executing: jt
********************
r0=0
r1=0
r2=0
r3=0
r4=0
r5=2
r6=8
r7=10
pc=2
sc=8
ex=0
tx=0
ty=0
tr=0
tc=0
exit=0
test=1
pen=0
Executing: push
********************
r0=0
r1=0
r2=0
r3=0
r4=0
r5=2
r6=8
r7=10
pc=3
sc=9
ex=0
tx=0
ty=0
tr=0
tc=0
exit=0
test=1
pen=0
Executing: inc
********************
r0=0
r1=0
r2=0
r3=0
r4=0
r5=2
r6=9
r7=10
pc=4
sc=9
ex=0
tx=0
ty=0
tr=0
tc=0
exit=0
test=1
pen=0
Executing: cmplt
********************
r0=0
r1=0
r2=0
r3=0
r4=0
r5=2
r6=9
r7=10
pc=5
sc=9
ex=0
tx=0
ty=0
tr=0
tc=0
exit=0
test=1
pen=0
Executing: movi
********************
r0=0
r1=0
r2=0
r3=0
r4=0
r5=2
r6=9
r7=10
pc=6
sc=9
ex=0
tx=0
ty=0
tr=0
tc=0
exit=0
test=1
pen=0
Executing: jt
********************
r0=0
r1=0
r2=0
r3=0
r4=0
r5=2
r6=9
r7=10
pc=2
sc=9
ex=0
tx=0
ty=0
tr=0
tc=0
exit=0
test=1
pen=0
Executing: push
********************
r0=0
r1=0
r2=0
r3=0
r4=0
r5=2
r6=9
r7=10
pc=3
sc=10
ex=0
tx=0
ty=0
tr=0
tc=0
exit=0
test=1
pen=0
Executing: inc
********************
r0=0
r1=0
r2=0
r3=0
r4=0
r5=2
r6=10
r7=10
pc=4
sc=10
ex=0
tx=0
ty=0
tr=0
tc=0
exit=0
test=1
pen=0
Executing: cmplt
********************
r0=0
r1=0
r2=0
r3=0
r4=0
r5=2
r6=10
r7=10
pc=5
sc=10
ex=0
tx=0
ty=0
tr=0
tc=0
exit=0
test=0
pen=0
Executing: movi
********************
r0=0
r1=0
r2=0
r3=0
r4=0
r5=2
r6=10
r7=10
pc=6
sc=10
ex=0
tx=0
ty=0
tr=0
tc=0
exit=0
test=0
pen=0
Executing: jt
********************
r0=0
r1=0
r2=0
r3=0
r4=0
r5=2
r6=10
r7=10
pc=7
sc=10
ex=0
tx=0
ty=0
tr=0
tc=0
exit=0
test=0
pen=0
Executing: storei
********************
r0=0
r1=0
r2=0
r3=0
r4=0
r5=2
r6=10
r7=10
pc=8
sc=10
ex=0
tx=0
ty=0
tr=0
tc=0
exit=0
test=0
pen=0
Executing: movi
********************
r0=0
r1=1
r2=0
r3=0
r4=0
r5=2
r6=10
r7=10
pc=9
sc=10
ex=0
tx=0
ty=0
tr=0
tc=0
exit=0
test=0
pen=0
Executing: storei
********************
r0=0
r1=1
r2=0
r3=0
r4=0
r5=2
r6=10
r7=10
pc=10
sc=10
ex=0
tx=0
ty=0
tr=0
tc=0
exit=0
test=0
pen=0
Executing: movi
********************
r0=0
r1=1
r2=0
r3=0
r4=0
r5=2
r6=2
r7=10
pc=11
sc=10
ex=0
tx=0
ty=0
tr=0
tc=0
exit=0
test=0
pen=0
Executing: mov
********************
r0=0
r1=1
r2=0
r3=0
r4=0
r5=2
r6=2
r7=10
pc=12
sc=10
ex=0
tx=0
ty=0
tr=0
tc=0
exit=0
test=0
pen=0
Executing: dec
********************
r0=0
r1=1
r2=0
r3=0
r4=0
r5=1
r6=2
r7=10
pc=13
sc=10
ex=0
tx=0
ty=0
tr=0
tc=0
exit=0
test=0
pen=0
Executing: mov
********************
r0=0
r1=1
r2=0
r3=0
r4=1
r5=1
r6=2
r7=10
pc=14
sc=10
ex=0
tx=0
ty=0
tr=0
tc=0
exit=0
test=0
pen=0
Executing: dec
********************
r0=0
r1=1
r2=0
r3=0
r4=0
r5=1
r6=2
r7=10
pc=15
sc=10
ex=0
tx=0
ty=0
tr=0
tc=0
exit=0
test=0
pen=0
Executing: load
********************
r0=0
r1=0
r2=0
r3=0
r4=0
r5=1
r6=2
r7=10
pc=16
sc=10
ex=0
tx=0
ty=0
tr=0
tc=0
exit=0
test=0
pen=0
Executing: load
********************
r0=0
r1=0
r2=1
r3=0
r4=0
r5=1
r6=2
r7=10
pc=17
sc=10
ex=0
tx=0
ty=0
tr=0
tc=0
exit=0
test=0
pen=0
Executing: add
********************
r0=0
r1=1
r2=1
r3=0
r4=0
r5=1
r6=2
r7=10
pc=18
sc=10
ex=0
tx=0
ty=0
tr=0
tc=0
exit=0
test=0
pen=0
Executing: store
********************
r0=0
r1=1
r2=1
r3=0
r4=0
r5=1
r6=2
r7=10
pc=19
sc=10
ex=0
tx=0
ty=0
tr=0
tc=0
exit=0
test=0
pen=0
Executing: inc
********************
r0=0
r1=1
r2=1
r3=0
r4=0
r5=1
r6=3
r7=10
pc=20
sc=10
ex=0
tx=0
ty=0
tr=0
tc=0
exit=0
test=0
pen=0
Executing: cmplt
********************
r0=0
r1=1
r2=1
r3=0
r4=0
r5=1
r6=3
r7=10
pc=21
sc=10
ex=0
tx=0
ty=0
tr=0
tc=0
exit=0
test=1
pen=0
Executing: movi
********************
r0=0
r1=1
r2=1
r3=0
r4=0
r5=11
r6=3
r7=10
pc=22
sc=10
ex=0
tx=0
ty=0
tr=0
tc=0
exit=0
test=1
pen=0
Executing: jt
********************
r0=0
r1=1
r2=1
r3=0
r4=0
r5=11
r6=3
r7=10
pc=11
sc=10
ex=0
tx=0
ty=0
tr=0
tc=0
exit=0
test=1
pen=0
Executing: mov
********************
r0=0
r1=1
r2=1
r3=0
r4=0
r5=3
r6=3
r7=10
pc=12
sc=10
ex=0
tx=0
ty=0
tr=0
tc=0
exit=0
test=1
pen=0
Executing: dec
********************
r0=0
r1=1
r2=1
r3=0
r4=0
r5=2
r6=3
r7=10
pc=13
sc=10
ex=0
tx=0
ty=0
tr=0
tc=0
exit=0
test=1
pen=0
Executing: mov
********************
r0=0
r1=1
r2=1
r3=0
r4=2
r5=2
r6=3
r7=10
pc=14
sc=10
ex=0
tx=0
ty=0
tr=0
tc=0
exit=0
test=1
pen=0
Executing: dec
********************
r0=0
r1=1
r2=1
r3=0
r4=1
r5=2
r6=3
r7=10
pc=15
sc=10
ex=0
tx=0
ty=0
tr=0
tc=0
exit=0
test=1
pen=0
Executing: load
********************
r0=0
r1=1
r2=1
r3=0
r4=1
r5=2
r6=3
r7=10
pc=16
sc=10
ex=0
tx=0
ty=0
tr=0
tc=0
exit=0
test=1
pen=0
Executing: load
********************
r0=0
r1=1
r2=1
r3=0
r4=1
r5=2
r6=3
r7=10
pc=17
sc=10
ex=0
tx=0
ty=0
tr=0
tc=0
exit=0
test=1
pen=0
Executing: add
********************
r0=0
r1=2
r2=1
r3=0
r4=1
r5=2
r6=3
r7=10
pc=18
sc=10
ex=0
tx=0
ty=0
tr=0
tc=0
exit=0
test=1
pen=0
Executing: store
********************
r0=0
r1=2
r2=1
r3=0
r4=1
r5=2
r6=3
r7=10
pc=19
sc=10
ex=0
tx=0
ty=0
tr=0
tc=0
exit=0
test=1
pen=0
Executing: inc
********************
r0=0
r1=2
r2=1
r3=0
r4=1
r5=2
r6=4
r7=10
pc=20
sc=10
ex=0
tx=0
ty=0
tr=0
tc=0
exit=0
test=1
pen=0
Executing: cmplt
********************
r0=0
r1=2
r2=1
r3=0
r4=1
r5=2
r6=4
r7=10
pc=21
sc=10
ex=0
tx=0
ty=0
tr=0
tc=0
exit=0
test=1
pen=0
Executing: movi
********************
r0=0
r1=2
r2=1
r3=0
r4=1
r5=11
r6=4
r7=10
pc=22
sc=10
ex=0
tx=0
ty=0
tr=0
tc=0
exit=0
test=1
pen=0
Executing: jt
********************
r0=0
r1=2
r2=1
r3=0
r4=1
r5=11
r6=4
r7=10
pc=11
sc=10
ex=0
tx=0
ty=0
tr=0
tc=0
exit=0
test=1
pen=0
Executing: mov
********************
r0=0
r1=2
r2=1
r3=0
r4=1
r5=4
r6=4
r7=10
pc=12
sc=10
ex=0
tx=0
ty=0
tr=0
tc=0
exit=0
test=1
pen=0
Executing: dec
********************
r0=0
r1=2
r2=1
r3=0
r4=1
r5=3
r6=4
r7=10
pc=13
sc=10
ex=0
tx=0
ty=0
tr=0
tc=0
exit=0
test=1
pen=0
Executing: mov
********************
r0=0
r1=2
r2=1
r3=0
r4=3
r5=3
r6=4
r7=10
pc=14
sc=10
ex=0
tx=0
ty=0
tr=0
tc=0
exit=0
test=1
pen=0
Executing: dec
********************
r0=0
r1=2
r2=1
r3=0
r4=2
r5=3
r6=4
r7=10
pc=15
sc=10
ex=0
tx=0
ty=0
tr=0
tc=0
exit=0
test=1
pen=0
Executing: load
********************
r0=0
r1=1
r2=1
r3=0
r4=2
r5=3
r6=4
r7=10
pc=16
sc=10
ex=0
tx=0
ty=0
tr=0
tc=0
exit=0
test=1
pen=0
Executing: load
********************
r0=0
r1=1
r2=2
r3=0
r4=2
r5=3
r6=4
r7=10
pc=17
sc=10
ex=0
tx=0
ty=0
tr=0
tc=0
exit=0
test=1
pen=0
Executing: add
********************
r0=0
r1=3
r2=2
r3=0
r4=2
r5=3
r6=4
r7=10
pc=18
sc=10
ex=0
tx=0
ty=0
tr=0
tc=0
exit=0
test=1
pen=0
Executing: store
********************
r0=0
r1=3
r2=2
r3=0
r4=2
r5=3
r6=4
r7=10
pc=19
sc=10
ex=0
tx=0
ty=0
tr=0
tc=0
exit=0
test=1
pen=0
Executing: inc
********************
r0=0
r1=3
r2=2
r3=0
r4=2
r5=3
r6=5
r7=10
pc=20
sc=10
ex=0
tx=0
ty=0
tr=0
tc=0
exit=0
test=1
pen=0
Executing: cmplt
********************
r0=0
r1=3
r2=2
r3=0
r4=2
r5=3
r6=5
r7=10
pc=21
sc=10
ex=0
tx=0
ty=0
tr=0
tc=0
exit=0
test=1
pen=0
Executing: movi
********************
r0=0
r1=3
r2=2
r3=0
r4=2
r5=11
r6=5
r7=10
pc=22
sc=10
ex=0
tx=0
ty=0
tr=0
tc=0
exit=0
test=1
pen=0
Executing: jt
********************
r0=0
r1=3
r2=2
r3=0
r4=2
r5=11
r6=5
r7=10
pc=11
sc=10
ex=0
tx=0
ty=0
tr=0
tc=0
exit=0
test=1
pen=0
Executing: mov
********************
r0=0
r1=3
r2=2
r3=0
r4=2
r5=5
r6=5
r7=10
pc=12
sc=10
ex=0
tx=0
ty=0
tr=0
tc=0
exit=0
test=1
pen=0
Executing: dec
********************
r0=0
r1=3
r2=2
r3=0
r4=2
r5=4
r6=5
r7=10
pc=13
sc=10
ex=0
tx=0
ty=0
tr=0
tc=0
exit=0
test=1
pen=0
Executing: mov
********************
r0=0
r1=3
r2=2
r3=0
r4=4
r5=4
r6=5
r7=10
pc=14
sc=10
ex=0
tx=0
ty=0
tr=0
tc=0
exit=0
test=1
pen=0
Executing: dec
********************
r0=0
r1=3
r2=2
r3=0
r4=3
r5=4
r6=5
r7=10
pc=15
sc=10
ex=0
tx=0
ty=0
tr=0
tc=0
exit=0
test=1
pen=0
Executing: load
********************
r0=0
r1=2
r2=2
r3=0
r4=3
r5=4
r6=5
r7=10
pc=16
sc=10
ex=0
tx=0
ty=0
tr=0
tc=0
exit=0
test=1
pen=0
Executing: load
********************
r0=0
r1=2
r2=3
r3=0
r4=3
r5=4
r6=5
r7=10
pc=17
sc=10
ex=0
tx=0
ty=0
tr=0
tc=0
exit=0
test=1
pen=0
Executing: add
********************
r0=0
r1=5
r2=3
r3=0
r4=3
r5=4
r6=5
r7=10
pc=18
sc=10
ex=0
tx=0
ty=0
tr=0
tc=0
exit=0
test=1
pen=0
Executing: store
********************
r0=0
r1=5
r2=3
r3=0
r4=3
r5=4
r6=5
r7=10
pc=19
sc=10
ex=0
tx=0
ty=0
tr=0
tc=0
exit=0
test=1
pen=0
Executing: inc
********************
r0=0
r1=5
r2=3
r3=0
r4=3
r5=4
r6=6
r7=10
pc=20
sc=10
ex=0
tx=0
ty=0
tr=0
tc=0
exit=0
test=1
pen=0
Executing: cmplt
********************
r0=0
r1=5
r2=3
r3=0
r4=3
r5=4
r6=6
r7=10
pc=21
sc=10
ex=0
tx=0
ty=0
tr=0
tc=0
exit=0
test=1
pen=0
Executing: movi
********************
r0=0
r1=5
r2=3
r3=0
r4=3
r5=11
r6=6
r7=10
pc=22
sc=10
ex=0
tx=0
ty=0
tr=0
tc=0
exit=0
test=1
pen=0
Executing: jt
********************
r0=0
r1=5
r2=3
r3=0
r4=3
r5=11
r6=6
r7=10
pc=11
sc=10
ex=0
tx=0
ty=0
tr=0
tc=0
exit=0
test=1
pen=0
Executing: mov
********************
r0=0
r1=5
r2=3
r3=0
r4=3
r5=6
r6=6
r7=10
pc=12
sc=10
ex=0
tx=0
ty=0
tr=0
tc=0
exit=0
test=1
pen=0
Executing: dec
********************
r0=0
r1=5
r2=3
r3=0
r4=3
r5=5
r6=6
r7=10
pc=13
sc=10
ex=0
tx=0
ty=0
tr=0
tc=0
exit=0
test=1
pen=0
Executing: mov
********************
r0=0
r1=5
r2=3
r3=0
r4=5
r5=5
r6=6
r7=10
pc=14
sc=10
ex=0
tx=0
ty=0
tr=0
tc=0
exit=0
test=1
pen=0
Executing: dec
********************
r0=0
r1=5
r2=3
r3=0
r4=4
r5=5
r6=6
r7=10
pc=15
sc=10
ex=0
tx=0
ty=0
tr=0
tc=0
exit=0
test=1
pen=0
Executing: load
********************
r0=0
r1=3
r2=3
r3=0
r4=4
r5=5
r6=6
r7=10
pc=16
sc=10
ex=0
tx=0
ty=0
tr=0
tc=0
exit=0
test=1
pen=0
Executing: load
********************
r0=0
r1=3
r2=5
r3=0
r4=4
r5=5
r6=6
r7=10
pc=17
sc=10
ex=0
tx=0
ty=0
tr=0
tc=0
exit=0
test=1
pen=0
Executing: add
********************
r0=0
r1=8
r2=5
r3=0
r4=4
r5=5
r6=6
r7=10
pc=18
sc=10
ex=0
tx=0
ty=0
tr=0
tc=0
exit=0
test=1
pen=0
Executing: store
********************
r0=0
r1=8
r2=5
r3=0
r4=4
r5=5
r6=6
r7=10
pc=19
sc=10
ex=0
tx=0
ty=0
tr=0
tc=0
exit=0
test=1
pen=0
Executing: inc
********************
r0=0
r1=8
r2=5
r3=0
r4=4
r5=5
r6=7
r7=10
pc=20
sc=10
ex=0
tx=0
ty=0
tr=0
tc=0
exit=0
test=1
pen=0
Executing: cmplt
********************
r0=0
r1=8
r2=5
r3=0
r4=4
r5=5
r6=7
r7=10
pc=21
sc=10
ex=0
tx=0
ty=0
tr=0
tc=0
exit=0
test=1
pen=0
Executing: movi
********************
r0=0
r1=8
r2=5
r3=0
r4=4
r5=11
r6=7
r7=10
pc=22
sc=10
ex=0
tx=0
ty=0
tr=0
tc=0
exit=0
test=1
pen=0
Executing: jt
********************
r0=0
r1=8
r2=5
r3=0
r4=4
r5=11
r6=7
r7=10
pc=11
sc=10
ex=0
tx=0
ty=0
tr=0
tc=0
exit=0
test=1
pen=0
Executing: mov
********************
r0=0
r1=8
r2=5
r3=0
r4=4
r5=7
r6=7
r7=10
pc=12
sc=10
ex=0
tx=0
ty=0
tr=0
tc=0
exit=0
test=1
pen=0
Executing: dec
********************
r0=0
r1=8
r2=5
r3=0
r4=4
r5=6
r6=7
r7=10
pc=13
sc=10
ex=0
tx=0
ty=0
tr=0
tc=0
exit=0
test=1
pen=0
Executing: mov
********************
r0=0
r1=8
r2=5
r3=0
r4=6
r5=6
r6=7
r7=10
pc=14
sc=10
ex=0
tx=0
ty=0
tr=0
tc=0
exit=0
test=1
pen=0
Executing: dec
********************
r0=0
r1=8
r2=5
r3=0
r4=5
r5=6
r6=7
r7=10
pc=15
sc=10
ex=0
tx=0
ty=0
tr=0
tc=0
exit=0
test=1
pen=0
Executing: load
********************
r0=0
r1=5
r2=5
r3=0
r4=5
r5=6
r6=7
r7=10
pc=16
sc=10
ex=0
tx=0
ty=0
tr=0
tc=0
exit=0
test=1
pen=0
Executing: load
********************
r0=0
r1=5
r2=8
r3=0
r4=5
r5=6
r6=7
r7=10
pc=17
sc=10
ex=0
tx=0
ty=0
tr=0
tc=0
exit=0
test=1
pen=0
Executing: add
********************
r0=0
r1=13
r2=8
r3=0
r4=5
r5=6
r6=7
r7=10
pc=18
sc=10
ex=0
tx=0
ty=0
tr=0
tc=0
exit=0
test=1
pen=0
Executing: store
********************
r0=0
r1=13
r2=8
r3=0
r4=5
r5=6
r6=7
r7=10
pc=19
sc=10
ex=0
tx=0
ty=0
tr=0
tc=0
exit=0
test=1
pen=0
Executing: inc
********************
r0=0
r1=13
r2=8
r3=0
r4=5
r5=6
r6=8
r7=10
pc=20
sc=10
ex=0
tx=0
ty=0
tr=0
tc=0
exit=0
test=1
pen=0
Executing: cmplt
********************
r0=0
r1=13
r2=8
r3=0
r4=5
r5=6
r6=8
r7=10
pc=21
sc=10
ex=0
tx=0
ty=0
tr=0
tc=0
exit=0
test=1
pen=0
Executing: movi
********************
r0=0
r1=13
r2=8
r3=0
r4=5
r5=11
r6=8
r7=10
pc=22
sc=10
ex=0
tx=0
ty=0
tr=0
tc=0
exit=0
test=1
pen=0
Executing: jt
********************
r0=0
r1=13
r2=8
r3=0
r4=5
r5=11
r6=8
r7=10
pc=11
sc=10
ex=0
tx=0
ty=0
tr=0
tc=0
exit=0
test=1
pen=0
Executing: mov
********************
r0=0
r1=13
r2=8
r3=0
r4=5
r5=8
r6=8
r7=10
pc=12
sc=10
ex=0
tx=0
ty=0
tr=0
tc=0
exit=0
test=1
pen=0
Executing: dec
********************
r0=0
r1=13
r2=8
r3=0
r4=5
r5=7
r6=8
r7=10
pc=13
sc=10
ex=0
tx=0
ty=0
tr=0
tc=0
exit=0
test=1
pen=0
Executing: mov
********************
r0=0
r1=13
r2=8
r3=0
r4=7
r5=7
r6=8
r7=10
pc=14
sc=10
ex=0
tx=0
ty=0
tr=0
tc=0
exit=0
test=1
pen=0
Executing: dec
********************
r0=0
r1=13
r2=8
r3=0
r4=6
r5=7
r6=8
r7=10
pc=15
sc=10
ex=0
tx=0
ty=0
tr=0
tc=0
exit=0
test=1
pen=0
Executing: load
********************
r0=0
r1=8
r2=8
r3=0
r4=6
r5=7
r6=8
r7=10
pc=16
sc=10
ex=0
tx=0
ty=0
tr=0
tc=0
exit=0
test=1
pen=0
Executing: load
********************
r0=0
r1=8
r2=13
r3=0
r4=6
r5=7
r6=8
r7=10
pc=17
sc=10
ex=0
tx=0
ty=0
tr=0
tc=0
exit=0
test=1
pen=0
Executing: add
********************
r0=0
r1=21
r2=13
r3=0
r4=6
r5=7
r6=8
r7=10
pc=18
sc=10
ex=0
tx=0
ty=0
tr=0
tc=0
exit=0
test=1
pen=0
Executing: store
********************
r0=0
r1=21
r2=13
r3=0
r4=6
r5=7
r6=8
r7=10
pc=19
sc=10
ex=0
tx=0
ty=0
tr=0
tc=0
exit=0
test=1
pen=0
Executing: inc
********************
r0=0
r1=21
r2=13
r3=0
r4=6
r5=7
r6=9
r7=10
pc=20
sc=10
ex=0
tx=0
ty=0
tr=0
tc=0
exit=0
test=1
pen=0
Executing: cmplt
********************
r0=0
r1=21
r2=13
r3=0
r4=6
r5=7
r6=9
r7=10
pc=21
sc=10
ex=0
tx=0
ty=0
tr=0
tc=0
exit=0
test=1
pen=0
Executing: movi
********************
r0=0
r1=21
r2=13
r3=0
r4=6
r5=11
r6=9
r7=10
pc=22
sc=10
ex=0
tx=0
ty=0
tr=0
tc=0
exit=0
test=1
pen=0
Executing: jt
********************
r0=0
r1=21
r2=13
r3=0
r4=6
r5=11
r6=9
r7=10
pc=11
sc=10
ex=0
tx=0
ty=0
tr=0
tc=0
exit=0
test=1
pen=0
Executing: mov
********************
r0=0
r1=21
r2=13
r3=0
r4=6
r5=9
r6=9
r7=10
pc=12
sc=10
ex=0
tx=0
ty=0
tr=0
tc=0
exit=0
test=1
pen=0
Executing: dec
********************
r0=0
r1=21
r2=13
r3=0
r4=6
r5=8
r6=9
r7=10
pc=13
sc=10
ex=0
tx=0
ty=0
tr=0
tc=0
exit=0
test=1
pen=0
Executing: mov
********************
r0=0
r1=21
r2=13
r3=0
r4=8
r5=8
r6=9
r7=10
pc=14
sc=10
ex=0
tx=0
ty=0
tr=0
tc=0
exit=0
test=1
pen=0
Executing: dec
********************
r0=0
r1=21
r2=13
r3=0
r4=7
r5=8
r6=9
r7=10
pc=15
sc=10
ex=0
tx=0
ty=0
tr=0
tc=0
exit=0
test=1
pen=0
Executing: load
********************
r0=0
r1=13
r2=13
r3=0
r4=7
r5=8
r6=9
r7=10
pc=16
sc=10
ex=0
tx=0
ty=0
tr=0
tc=0
exit=0
test=1
pen=0
Executing: load
********************
r0=0
r1=13
r2=21
r3=0
r4=7
r5=8
r6=9
r7=10
pc=17
sc=10
ex=0
tx=0
ty=0
tr=0
tc=0
exit=0
test=1
pen=0
Executing: add
********************
r0=0
r1=34
r2=21
r3=0
r4=7
r5=8
r6=9
r7=10
pc=18
sc=10
ex=0
tx=0
ty=0
tr=0
tc=0
exit=0
test=1
pen=0
Executing: store
********************
r0=0
r1=34
r2=21
r3=0
r4=7
r5=8
r6=9
r7=10
pc=19
sc=10
ex=0
tx=0
ty=0
tr=0
tc=0
exit=0
test=1
pen=0
Executing: inc
********************
r0=0
r1=34
r2=21
r3=0
r4=7
r5=8
r6=10
r7=10
pc=20
sc=10
ex=0
tx=0
ty=0
tr=0
tc=0
exit=0
test=1
pen=0
Executing: cmplt
********************
r0=0
r1=34
r2=21
r3=0
r4=7
r5=8
r6=10
r7=10
pc=21
sc=10
ex=0
tx=0
ty=0
tr=0
tc=0
exit=0
test=0
pen=0
Executing: movi
********************
r0=0
r1=34
r2=21
r3=0
r4=7
r5=11
r6=10
r7=10
pc=22
sc=10
ex=0
tx=0
ty=0
tr=0
tc=0
exit=0
test=0
pen=0
Executing: jt
********************
r0=0
r1=34
r2=21
r3=0
r4=7
r5=11
r6=10
r7=10
pc=23
sc=10
ex=0
tx=0
ty=0
tr=0
tc=0
exit=0
test=0
pen=0
Executing: exit
********************
r0=0
r1=34
r2=21
r3=0
r4=7
r5=11
r6=10
r7=10
pc=24
sc=10
ex=0
tx=0
ty=0
tr=0
tc=0
exit=1
test=0
pen=0
