********************
r0=0
r1=0
r2=0
r3=0
r4=0
r5=0
r6=0
r7=0
pc=0
sc=0
ex=0
tx=0
ty=0
tr=0
tc=0
exit=0
test=0
pen=0
Executing: movi
********************
r0=0
r1=5
r2=0
r3=0
r4=0
r5=0
r6=0
r7=0
pc=1
sc=0
ex=0
tx=0
ty=0
tr=0
tc=0
exit=0
test=0
pen=0
Executing: movi
********************
r0=0
r1=5
r2=11
r3=0
r4=0
r5=0
r6=0
r7=0
pc=2
sc=0
ex=0
tx=0
ty=0
tr=0
tc=0
exit=0
test=0
pen=0
Executing: movi
********************
r0=0
r1=5
r2=11
r3=17
r4=0
r5=0
r6=0
r7=0
pc=3
sc=0
ex=0
tx=0
ty=0
tr=0
tc=0
exit=0
test=0
pen=0
Executing: push
********************
r0=0
r1=5
r2=11
r3=17
r4=0
r5=0
r6=0
r7=0
pc=4
sc=1
ex=0
tx=0
ty=0
tr=0
tc=0
exit=0
test=0
pen=0
Executing: push
********************
r0=0
r1=5
r2=11
r3=17
r4=0
r5=0
r6=0
r7=0
pc=5
sc=2
ex=0
tx=0
ty=0
tr=0
tc=0
exit=0
test=0
pen=0
Executing: push
********************
r0=0
r1=5
r2=11
r3=17
r4=0
r5=0
r6=0
r7=0
pc=6
sc=3
ex=0
tx=0
ty=0
tr=0
tc=0
exit=0
test=0
pen=0
Executing: load
********************
r0=0
r1=5
r2=11
r3=17
r4=17
r5=0
r6=0
r7=0
pc=7
sc=3
ex=0
tx=0
ty=0
tr=0
tc=0
exit=0
test=0
pen=0
Executing: movi
********************
r0=0
r1=5
r2=11
r3=17
r4=17
r5=0
r6=0
r7=22
pc=8
sc=3
ex=0
tx=0
ty=0
tr=0
tc=0
exit=0
test=0
pen=0
Executing: movi
********************
r0=0
r1=5
r2=11
r3=17
r4=17
r5=0
r6=1
r7=22
pc=9
sc=3
ex=0
tx=0
ty=0
tr=0
tc=0
exit=0
test=0
pen=0
Executing: store
********************
r0=0
r1=5
r2=11
r3=17
r4=17
r5=0
r6=1
r7=22
pc=10
sc=3
ex=0
tx=0
ty=0
tr=0
tc=0
exit=0
test=0
pen=0
Executing: loadi
********************
r0=0
r1=5
r2=11
r3=17
r4=17
r5=22
r6=1
r7=22
pc=11
sc=3
ex=0
tx=0
ty=0
tr=0
tc=0
exit=0
test=0
pen=0
Executing: storei
********************
r0=0
r1=5
r2=11
r3=17
r4=17
r5=22
r6=1
r7=22
pc=12
sc=3
ex=0
tx=0
ty=0
tr=0
tc=0
exit=0
test=0
pen=0
Executing: movi
********************
r0=0
r1=5
r2=11
r3=17
r4=17
r5=22
r6=1
r7=1
pc=13
sc=3
ex=0
tx=0
ty=0
tr=0
tc=0
exit=0
test=0
pen=0
Executing: movi
********************
r0=0
r1=5
r2=11
r3=17
r4=17
r5=22
r6=50
r7=1
pc=14
sc=3
ex=0
tx=0
ty=0
tr=0
tc=0
exit=0
test=0
pen=0
Executing: storesc
********************
r0=0
r1=5
r2=11
r3=17
r4=17
r5=22
r6=50
r7=1
pc=15
sc=3
ex=0
tx=0
ty=0
tr=0
tc=0
exit=0
test=0
pen=0
Executing: loadsc
********************
r0=0
r1=5
r2=11
r3=17
r4=17
r5=50
r6=50
r7=1
pc=16
sc=3
ex=0
tx=0
ty=0
tr=0
tc=0
exit=0
test=0
pen=0
Executing: pop
********************
r0=0
r1=5
r2=11
r3=17
r4=17
r5=50
r6=50
r7=5
pc=17
sc=2
ex=0
tx=0
ty=0
tr=0
tc=0
exit=0
test=0
pen=0
Executing: pop
********************
r0=0
r1=5
r2=11
r3=17
r4=17
r5=50
r6=50
r7=50
pc=18
sc=1
ex=0
tx=0
ty=0
tr=0
tc=0
exit=0
test=0
pen=0
Executing: pop
********************
r0=0
r1=5
r2=11
r3=17
r4=17
r5=50
r6=50
r7=11
pc=19
sc=0
ex=0
tx=0
ty=0
tr=0
tc=0
exit=0
test=0
pen=0
Executing: exit
********************
r0=0
r1=5
r2=11
r3=17
r4=17
r5=50
r6=50
r7=11
pc=20
sc=0
ex=0
tx=0
ty=0
tr=0
tc=0
exit=1
test=0
pen=0
